Archive member included to satisfy reference by file (symbol)

/usr/lib/gcc/arm-none-eabi/10.3.1/../../../arm-none-eabi/lib/thumb/v7e-m+fp/hard/libc.a(lib_a-assert.o)
                              _build/nrf_802154.o (__assert_func)
/usr/lib/gcc/arm-none-eabi/10.3.1/../../../arm-none-eabi/lib/thumb/v7e-m+fp/hard/libc.a(lib_a-atexit.o)
                              /usr/lib/gcc/arm-none-eabi/10.3.1/../../../arm-none-eabi/lib/thumb/v7e-m+fp/hard/crt0.o (atexit)
/usr/lib/gcc/arm-none-eabi/10.3.1/../../../arm-none-eabi/lib/thumb/v7e-m+fp/hard/libc.a(lib_a-ctype_.o)
                              _build/nrf_log_str_formatter.o (_ctype_)
/usr/lib/gcc/arm-none-eabi/10.3.1/../../../arm-none-eabi/lib/thumb/v7e-m+fp/hard/libc.a(lib_a-exit.o)
                              /usr/lib/gcc/arm-none-eabi/10.3.1/../../../arm-none-eabi/lib/thumb/v7e-m+fp/hard/crt0.o (exit)
/usr/lib/gcc/arm-none-eabi/10.3.1/../../../arm-none-eabi/lib/thumb/v7e-m+fp/hard/libc.a(lib_a-fini.o)
                              /usr/lib/gcc/arm-none-eabi/10.3.1/../../../arm-none-eabi/lib/thumb/v7e-m+fp/hard/crt0.o (__libc_fini_array)
/usr/lib/gcc/arm-none-eabi/10.3.1/../../../arm-none-eabi/lib/thumb/v7e-m+fp/hard/libc.a(lib_a-fiprintf.o)
                              /usr/lib/gcc/arm-none-eabi/10.3.1/../../../arm-none-eabi/lib/thumb/v7e-m+fp/hard/libc.a(lib_a-assert.o) (fiprintf)
/usr/lib/gcc/arm-none-eabi/10.3.1/../../../arm-none-eabi/lib/thumb/v7e-m+fp/hard/libc.a(lib_a-impure.o)
                              /usr/lib/gcc/arm-none-eabi/10.3.1/../../../arm-none-eabi/lib/thumb/v7e-m+fp/hard/libc.a(lib_a-exit.o) (_global_impure_ptr)
/usr/lib/gcc/arm-none-eabi/10.3.1/../../../arm-none-eabi/lib/thumb/v7e-m+fp/hard/libc.a(lib_a-init.o)
                              /usr/lib/gcc/arm-none-eabi/10.3.1/../../../arm-none-eabi/lib/thumb/v7e-m+fp/hard/crt0.o (__libc_init_array)
/usr/lib/gcc/arm-none-eabi/10.3.1/../../../arm-none-eabi/lib/thumb/v7e-m+fp/hard/libc.a(lib_a-memcmp.o)
                              _build/nrf_twi_mngr.o (memcmp)
/usr/lib/gcc/arm-none-eabi/10.3.1/../../../arm-none-eabi/lib/thumb/v7e-m+fp/hard/libc.a(lib_a-memcpy.o)
                              _build/main.o (memcpy)
/usr/lib/gcc/arm-none-eabi/10.3.1/../../../arm-none-eabi/lib/thumb/v7e-m+fp/hard/libc.a(lib_a-memmove.o)
                              _build/nrf_802154_ack_data.o (memmove)
/usr/lib/gcc/arm-none-eabi/10.3.1/../../../arm-none-eabi/lib/thumb/v7e-m+fp/hard/libc.a(lib_a-memset.o)
                              /usr/lib/gcc/arm-none-eabi/10.3.1/../../../arm-none-eabi/lib/thumb/v7e-m+fp/hard/crt0.o (memset)
/usr/lib/gcc/arm-none-eabi/10.3.1/../../../arm-none-eabi/lib/thumb/v7e-m+fp/hard/libc.a(lib_a-printf.o)
                              _build/main.o (printf)
/usr/lib/gcc/arm-none-eabi/10.3.1/../../../arm-none-eabi/lib/thumb/v7e-m+fp/hard/libc.a(lib_a-rand.o)
                              _build/nrf_802154_random_stdlib.o (srand)
/usr/lib/gcc/arm-none-eabi/10.3.1/../../../arm-none-eabi/lib/thumb/v7e-m+fp/hard/libc.a(lib_a-setbuf.o)
                              _build/microbit_before_startup.o (setbuf)
/usr/lib/gcc/arm-none-eabi/10.3.1/../../../arm-none-eabi/lib/thumb/v7e-m+fp/hard/libc.a(lib_a-setvbuf.o)
                              /usr/lib/gcc/arm-none-eabi/10.3.1/../../../arm-none-eabi/lib/thumb/v7e-m+fp/hard/libc.a(lib_a-setbuf.o) (setvbuf)
/usr/lib/gcc/arm-none-eabi/10.3.1/../../../arm-none-eabi/lib/thumb/v7e-m+fp/hard/libc.a(lib_a-strlen.o)
                              _build/nrf_fprintf_format.o (strlen)
/usr/lib/gcc/arm-none-eabi/10.3.1/../../../arm-none-eabi/lib/thumb/v7e-m+fp/hard/libc.a(lib_a-vfiprintf.o)
                              /usr/lib/gcc/arm-none-eabi/10.3.1/../../../arm-none-eabi/lib/thumb/v7e-m+fp/hard/libc.a(lib_a-fiprintf.o) (_vfiprintf_r)
/usr/lib/gcc/arm-none-eabi/10.3.1/../../../arm-none-eabi/lib/thumb/v7e-m+fp/hard/libc.a(lib_a-vfprintf.o)
                              /usr/lib/gcc/arm-none-eabi/10.3.1/../../../arm-none-eabi/lib/thumb/v7e-m+fp/hard/libc.a(lib_a-printf.o) (_vfprintf_r)
/usr/lib/gcc/arm-none-eabi/10.3.1/../../../arm-none-eabi/lib/thumb/v7e-m+fp/hard/libc.a(lib_a-wsetup.o)
                              /usr/lib/gcc/arm-none-eabi/10.3.1/../../../arm-none-eabi/lib/thumb/v7e-m+fp/hard/libc.a(lib_a-vfiprintf.o) (__swsetup_r)
/usr/lib/gcc/arm-none-eabi/10.3.1/../../../arm-none-eabi/lib/thumb/v7e-m+fp/hard/libc.a(lib_a-__atexit.o)
                              /usr/lib/gcc/arm-none-eabi/10.3.1/../../../arm-none-eabi/lib/thumb/v7e-m+fp/hard/libc.a(lib_a-atexit.o) (__register_exitproc)
/usr/lib/gcc/arm-none-eabi/10.3.1/../../../arm-none-eabi/lib/thumb/v7e-m+fp/hard/libc.a(lib_a-__call_atexit.o)
                              /usr/lib/gcc/arm-none-eabi/10.3.1/../../../arm-none-eabi/lib/thumb/v7e-m+fp/hard/libc.a(lib_a-exit.o) (__call_exitprocs)
/usr/lib/gcc/arm-none-eabi/10.3.1/../../../arm-none-eabi/lib/thumb/v7e-m+fp/hard/libc.a(lib_a-abort.o)
[...]
Memory Configuration

Name             Origin             Length             Attributes
FLASH            0x0000000000000000 0x0000000000080000 xr
RAM              0x0000000020000000 0x0000000000020000 xrw
*default*        0x0000000000000000 0xffffffffffffffff

Linker script and memory map

                0x000000000007f000                __stop_ot_flash_data = ((ORIGIN (FLASH) + LENGTH (FLASH)) - FLASH_PAGE_SIZE)
                0x000000000007b000                __start_ot_flash_data = (__stop_ot_flash_data - (FLASH_PAGE_SIZE * FLASH_DATA_PAGES_USED))
                0x0000000000000001                ASSERT ((__start_ot_flash_data >= (__etext + SIZEOF (.data))), Error: Code overlaps flash data area.)

.text           0x0000000000000000    0x10ee4
 *(.isr_vector)
 .isr_vector    0x0000000000000000      0x200 _build/gcc_startup_nrf52833.os
                0x0000000000000000                __isr_vector
 *(.text*)
 .text          0x0000000000000200       0x88 /usr/lib/gcc/arm-none-eabi/10.3.1/thumb/v7e-m+fp/hard/crtbegin.o
 .text          0x0000000000000288       0x70 /usr/lib/gcc/arm-none-eabi/10.3.1/../../../arm-none-eabi/lib/thumb/v7e-m+fp/hard/crt0.o
                0x0000000000000288                _stack_init
                0x0000000000000290                _mainCRTStartup
                0x0000000000000290                _start
 .text.nrf_802154_tx_started
                0x00000000000002f8        0xc _build/main.o
                0x00000000000002f8                nrf_802154_tx_started
 .text.nrf_802154_transmit_failed
                0x0000000000000304        0xc _build/main.o
                0x0000000000000304                nrf_802154_transmit_failed
 .text.nrf_802154_transmitted_raw
                0x0000000000000310        0xc _build/main.o
                0x0000000000000310                nrf_802154_transmitted_raw
 .text.startup.main
                0x000000000000031c      0x11c _build/main.o
                0x000000000000031c                main
 .text.nrf_gpio_pin_port_decode
                0x0000000000000438       0x30 _build/better_error_handling.o
 .text.nrf_gpio_pin_clear
                0x0000000000000468       0x1a _build/better_error_handling.o
 .text.nrf_gpio_pin_set
                0x0000000000000482       0x1a _build/better_error_handling.o
 .text.nrf_delay_ms.part.0
                0x000000000000049c       0x1c _build/better_error_handling.o
 .text.error_blink_pattern
                0x00000000000004b8      0x104 _build/better_error_handling.o
 .text.app_error_fault_handler
                0x00000000000005bc       0x74 _build/better_error_handling.o
                0x00000000000005bc                app_error_fault_handler
 .text.HardFault_c_handler
                0x0000000000000630       0xec _build/better_error_handling.o
                0x0000000000000630                HardFault_c_handler
 .text.startup.called_first
                0x000000000000071c       0x48 _build/microbit_before_startup.o
                0x000000000000071c                called_first
 .text.nrf_log_backend_uart_flush
                0x0000000000000764        0x2 _build/microbit_nrf_log_backend_uart.o
 *fill*         0x0000000000000766        0x2 
 .text.nrf_log_backend_uart_put
                0x0000000000000768       0x1c _build/microbit_nrf_log_backend_uart.o
 .text.uart_init.constprop.0
                0x0000000000000784       0x54 _build/microbit_nrf_log_backend_uart.o
 .text.serial_tx
                0x00000000000007d8       0x50 _build/microbit_nrf_log_backend_uart.o
 .text.nrf_log_backend_uart_panic_set
                0x0000000000000828       0x2c _build/microbit_nrf_log_backend_uart.o
 .text.nrf_log_backend_uart_init
                0x0000000000000854        0x4 _build/microbit_nrf_log_backend_uart.o
                0x0000000000000854                nrf_log_backend_uart_init
 .text._write   0x0000000000000858       0x2c _build/microbit_retarget.o
                0x0000000000000858                _write
 .text._read    0x0000000000000884       0x30 _build/microbit_retarget.o
                0x0000000000000884                _read
 .text.app_error_handler
                0x00000000000008b4       0x1a _build/app_error_handler_gcc.o
                0x00000000000008b4                app_error_handler
 *fill*         0x00000000000008ce        0x2 
 .text.nrfx_coredep_delay_us.part.0.constprop.0
                0x00000000000008d0       0x10 _build/app_timer.o
 .text.RTC1_IRQHandler
                0x00000000000008e0       0x9c _build/app_timer.o
                0x00000000000008e0                RTC1_IRQHandler
 .text.SWI0_EGU0_IRQHandler
                0x000000000000097c      0x2b8 _build/app_timer.o
                0x000000000000097c                SWI0_EGU0_IRQHandler
 .text.app_util_disable_irq
                0x0000000000000c34       0x10 _build/app_util_platform.o
                0x0000000000000c34                app_util_disable_irq
 .text.app_util_enable_irq
                0x0000000000000c44       0x14 _build/app_util_platform.o
                0x0000000000000c44                app_util_enable_irq
 .text.privilege_level_get
                0x0000000000000c58       0x1a _build/app_util_platform.o
                0x0000000000000c58                privilege_level_get
 *fill*         0x0000000000000c72        0x2 
 .text.app_util_critical_region_enter
                0x0000000000000c74       0x20 _build/app_util_platform.o
                0x0000000000000c74                app_util_critical_region_enter
 .text.app_util_critical_region_exit
                0x0000000000000c94       0x20 _build/app_util_platform.o
                0x0000000000000c94                app_util_critical_region_exit
 .text.HardFault_Handler
                0x0000000000000cb4       0x34 _build/hardfault_handler_gcc.o
                0x0000000000000cb4                HardFault_Handler
 .text.assert_nrf_callback
                0x0000000000000ce8       0x1a _build/nrf_assert.o
                0x0000000000000ce8                assert_nrf_callback
 .text.nrf_atomic_u32_fetch_store
                0x0000000000000d02       0x16 _build/nrf_atomic.o
                0x0000000000000d02                nrf_atomic_u32_fetch_store
 .text.nrf_atomic_u32_or
                0x0000000000000d18       0x18 _build/nrf_atomic.o
                0x0000000000000d18                nrf_atomic_u32_or
 .text.nrf_atomic_u32_fetch_and
                0x0000000000000d30       0x18 _build/nrf_atomic.o
                0x0000000000000d30                nrf_atomic_u32_fetch_and
 .text.nrf_atomic_u32_add
                0x0000000000000d48       0x18 _build/nrf_atomic.o
                0x0000000000000d48                nrf_atomic_u32_add
 .text.nrf_atomic_u32_sub
                0x0000000000000d60       0x18 _build/nrf_atomic.o
                0x0000000000000d60                nrf_atomic_u32_sub
 .text.nrf_atomic_flag_set
                0x0000000000000d78        0x6 _build/nrf_atomic.o
                0x0000000000000d78                nrf_atomic_flag_set
 .text.nrf_atomic_flag_clear_fetch
                0x0000000000000d7e        0x6 _build/nrf_atomic.o
                0x0000000000000d7e                nrf_atomic_flag_clear_fetch
 .text.nrf_balloc_init
                0x0000000000000d84       0x7c _build/nrf_balloc.o
                0x0000000000000d84                nrf_balloc_init
 .text.nrf_balloc_alloc
                0x0000000000000e00       0x54 _build/nrf_balloc.o
                0x0000000000000e00                nrf_balloc_alloc
 .text.nrf_balloc_free
                0x0000000000000e54       0x48 _build/nrf_balloc.o
                0x0000000000000e54                nrf_balloc_free
 .text.uarte_evt_handler
                0x0000000000000e9c       0x34 _build/nrf_drv_uart.o
 .text.uart_evt_handler
                0x0000000000000ed0       0x34 _build/nrf_drv_uart.o
 .text.nrf_drv_uart_init
                0x0000000000000f04       0x7c _build/nrf_drv_uart.o
                0x0000000000000f04                nrf_drv_uart_init
 .text.nrf_fprintf_buffer_flush
                0x0000000000000f80       0x24 _build/nrf_fprintf.o
                0x0000000000000f80                nrf_fprintf_buffer_flush
 .text.nrf_fprintf
                0x0000000000000fa4       0x54 _build/nrf_fprintf.o
                0x0000000000000fa4                nrf_fprintf
 .text.buffer_add
                0x0000000000000ff8       0x1e _build/nrf_fprintf_format.o
 *fill*         0x0000000000001016        0x2 
 .text.unsigned_print
                0x0000000000001018       0xb4 _build/nrf_fprintf_format.o
 .text.nrf_fprintf_fmt
                0x00000000000010cc      0x2d0 _build/nrf_fprintf_format.o
                0x00000000000010cc                nrf_fprintf_fmt
 .text.nrf_log_backend_serial_put
                0x000000000000139c       0xc2 _build/nrf_log_backend_serial.o
                0x000000000000139c                nrf_log_backend_serial_put
 *fill*         0x000000000000145e        0x2 
 .text.nrf_log_default_backends_init
                0x0000000000001460       0x30 _build/nrf_log_default_backends.o
                0x0000000000001460                nrf_log_default_backends_init
 .text.invalid_packets_omit
                0x0000000000001490       0x3a _build/nrf_log_frontend.o
 *fill*         0x00000000000014ca        0x2 
 .text.buf_prealloc
                0x00000000000014cc      0x144 _build/nrf_log_frontend.o
 .text.nrf_log_init
                0x0000000000001610       0x3c _build/nrf_log_frontend.o
                0x0000000000001610                nrf_log_init
 .text.nrf_log_module_name_get
                0x000000000000164c       0x38 _build/nrf_log_frontend.o
                0x000000000000164c                nrf_log_module_name_get
 .text.nrf_log_color_id_get
                0x0000000000001684       0x2c _build/nrf_log_frontend.o
                0x0000000000001684                nrf_log_color_id_get
 .text.buffer_is_empty
                0x00000000000016b0       0x14 _build/nrf_log_frontend.o
                0x00000000000016b0                buffer_is_empty
 .text.nrf_log_frontend_dequeue
                0x00000000000016c4      0x224 _build/nrf_log_frontend.o
                0x00000000000016c4                nrf_log_frontend_dequeue
 .text.std_n    0x00000000000018e8       0xb8 _build/nrf_log_frontend.o
 .text.nrf_log_frontend_std_0
                0x00000000000019a0        0x8 _build/nrf_log_frontend.o
                0x00000000000019a0                nrf_log_frontend_std_0
 .text.nrf_log_frontend_std_1
                0x00000000000019a8       0x12 _build/nrf_log_frontend.o
                0x00000000000019a8                nrf_log_frontend_std_1
 .text.nrf_log_frontend_std_3
                0x00000000000019ba       0x18 _build/nrf_log_frontend.o
                0x00000000000019ba                nrf_log_frontend_std_3
 .text.nrf_log_frontend_std_4
                0x00000000000019d2       0x1c _build/nrf_log_frontend.o
                0x00000000000019d2                nrf_log_frontend_std_4
 *fill*         0x00000000000019ee        0x2 
 .text.nrf_log_backend_add
                0x00000000000019f0       0x54 _build/nrf_log_frontend.o
                0x00000000000019f0                nrf_log_backend_add
 .text.nrf_log_panic
                0x0000000000001a44       0x28 _build/nrf_log_frontend.o
                0x0000000000001a44                nrf_log_panic
 .text.prefix_process
                0x0000000000001a6c       0x7c _build/nrf_log_str_formatter.o
 .text.postfix_process
                0x0000000000001ae8       0x44 _build/nrf_log_str_formatter.o
 .text.nrf_log_std_entry_process
                0x0000000000001b2c       0xc8 _build/nrf_log_str_formatter.o
                0x0000000000001b2c                nrf_log_std_entry_process
 .text.nrf_log_hexdump_entry_process
                0x0000000000001bf4       0xc0 _build/nrf_log_str_formatter.o
                0x0000000000001bf4                nrf_log_hexdump_entry_process
 .text.memobj_op
                0x0000000000001cb4       0xa8 _build/nrf_memobj.o
 .text.nrf_memobj_pool_init
                0x0000000000001d5c        0x4 _build/nrf_memobj.o
                0x0000000000001d5c                nrf_memobj_pool_init
 .text.nrf_memobj_free
                0x0000000000001d60       0x2c _build/nrf_memobj.o
                0x0000000000001d60                nrf_memobj_free
 .text.nrf_memobj_alloc
                0x0000000000001d8c       0x5e _build/nrf_memobj.o
                0x0000000000001d8c                nrf_memobj_alloc
 .text.nrf_memobj_get
                0x0000000000001dea        0x8 _build/nrf_memobj.o
                0x0000000000001dea                nrf_memobj_get
 .text.nrf_memobj_put
                0x0000000000001df2       0x1c _build/nrf_memobj.o
                0x0000000000001df2                nrf_memobj_put
 *fill*         0x0000000000001e0e        0x2 
 .text.nrf_memobj_write
                0x0000000000001e10       0x28 _build/nrf_memobj.o
                0x0000000000001e10                nrf_memobj_write
 .text.nrf_memobj_read
                0x0000000000001e38       0x28 _build/nrf_memobj.o
                0x0000000000001e38                nrf_memobj_read
 .text.nrf_ringbuf_init
                0x0000000000001e60       0x1c _build/nrf_ringbuf.o
                0x0000000000001e60                nrf_ringbuf_init
 .text.nrf_strerror_find
                0x0000000000001e7c       0x3c _build/nrf_strerror.o
                0x0000000000001e7c                nrf_strerror_find
 .text.nrf_strerror_get
                0x0000000000001eb8       0x14 _build/nrf_strerror.o
                0x0000000000001eb8                nrf_strerror_get
 .text.nrf_gpiote_event_clear
                0x0000000000001ecc       0x18 _build/nrfx_gpiote.o
 .text.nrf_bitmask_bit_set
                0x0000000000001ee4       0x14 _build/nrfx_gpiote.o
 .text.nrf_gpio_pin_port_decode
                0x0000000000001ef8       0x30 _build/nrfx_gpiote.o
 .text.nrf_gpio_cfg_sense_set
                0x0000000000001f28       0x2e _build/nrfx_gpiote.o
 *fill*         0x0000000000001f56        0x2 
 .text.nrf_gpio_ports_read.constprop.0
                0x0000000000001f58       0x18 _build/nrfx_gpiote.o
 .text.GPIOTE_IRQHandler
                0x0000000000001f70      0x19c _build/nrfx_gpiote.o
                0x0000000000001f70                GPIOTE_IRQHandler
 .text.UARTE0_UART0_IRQHandler
                0x000000000000210c       0x20 _build/nrfx_prs.o
                0x000000000000210c                UARTE0_UART0_IRQHandler
 .text.nrfx_prs_acquire
                0x000000000000212c       0x44 _build/nrfx_prs.o
                0x000000000000212c                nrfx_prs_acquire
 .text.nrfx_prs_release
                0x0000000000002170       0x28 _build/nrfx_prs.o
                0x0000000000002170                nrfx_prs_release
 .text.nrf_pwm_event_clear
                0x0000000000002198       0x10 _build/nrfx_pwm.o
 .text.irq_handler
                0x00000000000021a8       0x80 _build/nrfx_pwm.o
 .text.PWM0_IRQHandler
                0x0000000000002228       0x10 _build/nrfx_pwm.o
                0x0000000000002228                PWM0_IRQHandler
 .text.PWM1_IRQHandler
                0x0000000000002238       0x10 _build/nrfx_pwm.o
                0x0000000000002238                PWM1_IRQHandler
 .text.nrf_saadc_event_clear
                0x0000000000002248       0x18 _build/nrfx_saadc.o
 .text.SAADC_IRQHandler
                0x0000000000002260      0x154 _build/nrfx_saadc.o
                0x0000000000002260                SAADC_IRQHandler
 .text.nrf_gpio_pin_port_decode
                0x00000000000023b4       0x30 _build/nrfx_spim.o
 .text.nrf_gpio_pin_clear
                0x00000000000023e4       0x1a _build/nrfx_spim.o
 .text.nrf_gpio_pin_set
                0x00000000000023fe       0x1a _build/nrfx_spim.o
 .text.SPIM2_SPIS2_SPI2_IRQHandler
                0x0000000000002418       0x64 _build/nrfx_spim.o
                0x0000000000002418                SPIM2_SPIS2_SPI2_IRQHandler
 .text.irq_handler.constprop.0
                0x000000000000247c       0x4c _build/nrfx_timer.o
 .text.TIMER0_IRQHandler
                0x00000000000024c8       0x10 _build/nrfx_timer.o
                0x00000000000024c8                TIMER0_IRQHandler
 .text.TIMER1_IRQHandler
                0x00000000000024d8       0x10 _build/nrfx_timer.o
                0x00000000000024d8                TIMER1_IRQHandler
 .text.nrf_twim_event_clear
                0x00000000000024e8       0x10 _build/nrfx_twim.o
 .text.xfer_completeness_check
                0x00000000000024f8       0x6c _build/nrfx_twim.o
 .text.twim_irq_handler
                0x0000000000002564      0x138 _build/nrfx_twim.o
 .text.SPIM0_SPIS0_TWIM0_TWIS0_SPI0_TWI0_IRQHandler
                0x000000000000269c       0x10 _build/nrfx_twim.o
                0x000000000000269c                SPIM0_SPIS0_TWIM0_TWIS0_SPI0_TWI0_IRQHandler
 .text.SPIM1_SPIS1_TWIM1_TWIS1_SPI1_TWI1_IRQHandler
                0x00000000000026ac       0x10 _build/nrfx_twim.o
                0x00000000000026ac                SPIM1_SPIS1_TWIM1_TWIS1_SPI1_TWI1_IRQHandler
 .text.nrf_uart_event_clear
                0x00000000000026bc       0x10 _build/nrfx_uart.o
 .text.tx_byte  0x00000000000026cc       0x1e _build/nrfx_uart.o
 .text.rx_enable
                0x00000000000026ea       0x20 _build/nrfx_uart.o
 *fill*         0x000000000000270a        0x2 
 .text.nrf_gpio_pin_port_decode
                0x000000000000270c       0x30 _build/nrfx_uart.o
 .text.nrf_gpio_cfg_default
                0x000000000000273c       0x1c _build/nrfx_uart.o
 .text.rx_byte  0x0000000000002758       0x2c _build/nrfx_uart.o
 .text.rx_done_event.constprop.0
                0x0000000000002784       0x20 _build/nrfx_uart.o
 .text.nrfx_uart_0_irq_handler
                0x00000000000027a4      0x144 _build/nrfx_uart.o
                0x00000000000027a4                nrfx_uart_0_irq_handler
 .text.nrfx_uart_init
                0x00000000000028e8      0x1e0 _build/nrfx_uart.o
                0x00000000000028e8                nrfx_uart_init
 .text.nrfx_uart_uninit
                0x0000000000002ac8       0xc0 _build/nrfx_uart.o
                0x0000000000002ac8                nrfx_uart_uninit
 .text.nrfx_uart_tx_in_progress
                0x0000000000002b88       0x18 _build/nrfx_uart.o
                0x0000000000002b88                nrfx_uart_tx_in_progress
 .text.nrfx_uart_tx
                0x0000000000002ba0       0xe0 _build/nrfx_uart.o
                0x0000000000002ba0                nrfx_uart_tx
 .text.nrfx_uart_rx
                0x0000000000002c80      0x134 _build/nrfx_uart.o
                0x0000000000002c80                nrfx_uart_rx
 .text.nrf_uarte_event_clear
                0x0000000000002db4       0x10 _build/nrfx_uarte.o
 .text.rx_done_event
                0x0000000000002dc4       0x1a _build/nrfx_uarte.o
 *fill*         0x0000000000002dde        0x2 
 .text.nrf_gpio_pin_port_decode
                0x0000000000002de0       0x30 _build/nrfx_uarte.o
 .text.nrf_gpio_cfg_default
                0x0000000000002e10       0x1c _build/nrfx_uarte.o
 .text.uarte_irq_handler
                0x0000000000002e2c      0x10a _build/nrfx_uarte.o
 *fill*         0x0000000000002f36        0x2 
 .text.nrfx_uarte_0_irq_handler
                0x0000000000002f38       0x10 _build/nrfx_uarte.o
                0x0000000000002f38                nrfx_uarte_0_irq_handler
 .text.UARTE1_IRQHandler
                0x0000000000002f48       0x10 _build/nrfx_uarte.o
                0x0000000000002f48                UARTE1_IRQHandler
 .text.nrfx_uarte_init
                0x0000000000002f58      0x1fc _build/nrfx_uarte.o
                0x0000000000002f58                nrfx_uarte_init
 .text.nrfx_uarte_uninit
                0x0000000000003154       0xec _build/nrfx_uarte.o
                0x0000000000003154                nrfx_uarte_uninit
 .text.nrfx_uarte_tx_in_progress
                0x0000000000003240       0x18 _build/nrfx_uarte.o
                0x0000000000003240                nrfx_uarte_tx_in_progress
 .text.nrfx_uarte_tx
                0x0000000000003258       0xf8 _build/nrfx_uarte.o
                0x0000000000003258                nrfx_uarte_tx
 .text.nrfx_uarte_rx
                0x0000000000003350      0x134 _build/nrfx_uarte.o
                0x0000000000003350                nrfx_uarte_rx
 .text.last_rx_frame_timestamp_get
                0x0000000000003484       0x20 _build/nrf_802154.o
 .text.nrf_802154_channel_set
                0x00000000000034a4       0x1e _build/nrf_802154.o
                0x00000000000034a4                nrf_802154_channel_set
 .text.nrf_802154_pan_id_set
                0x00000000000034c2        0x4 _build/nrf_802154.o
                0x00000000000034c2                nrf_802154_pan_id_set
 .text.nrf_802154_extended_address_set
                0x00000000000034c6        0x4 _build/nrf_802154.o
                0x00000000000034c6                nrf_802154_extended_address_set
 .text.nrf_802154_init
                0x00000000000034ca       0x4a _build/nrf_802154.o
                0x00000000000034ca                nrf_802154_init
 .text.nrf_802154_transmit_raw
                0x0000000000003514       0x18 _build/nrf_802154.o
                0x0000000000003514                nrf_802154_transmit_raw
 .text.nrf_802154_buffer_free_raw
                0x000000000000352c       0x38 _build/nrf_802154.o
                0x000000000000352c                nrf_802154_buffer_free_raw
 .text.nrf_802154_tx_ack_started
                0x0000000000003564        0x2 _build/nrf_802154.o
                0x0000000000003564                nrf_802154_tx_ack_started
 .text.nrf_802154_received_timestamp_raw
                0x0000000000003566        0x4 _build/nrf_802154.o
                0x0000000000003566                nrf_802154_received_timestamp_raw
 .text.nrf_802154_received_raw
                0x000000000000356a       0x1c _build/nrf_802154.o
                0x000000000000356a                nrf_802154_received_raw
 .text.nrf_802154_receive_failed
                0x0000000000003586        0x2 _build/nrf_802154.o
                0x0000000000003586                nrf_802154_receive_failed
 .text.nrf_802154_energy_detected
                0x0000000000003588        0x2 _build/nrf_802154.o
                0x0000000000003588                nrf_802154_energy_detected
 .text.nrf_802154_energy_detection_failed
                0x000000000000358a        0x2 _build/nrf_802154.o
                0x000000000000358a                nrf_802154_energy_detection_failed
 .text.nrf_802154_cca_done
                0x000000000000358c        0x2 _build/nrf_802154.o
                0x000000000000358c                nrf_802154_cca_done
 .text.nrf_802154_cca_failed
                0x000000000000358e        0x2 _build/nrf_802154.o
                0x000000000000358e                nrf_802154_cca_failed
 .text.nrf_radio_event_clear
                0x0000000000003590       0x18 _build/nrf_802154_core.o
 .text.rx_buffer_is_available
                0x00000000000035a8       0x14 _build/nrf_802154_core.o
 .text.rx_buffer_get
                0x00000000000035bc       0x14 _build/nrf_802154_core.o
 .text.ppi_and_egu_delay_wait
                0x00000000000035d0        0xe _build/nrf_802154_core.o
 *fill*         0x00000000000035de        0x2 
 .text.ppis_for_egu_and_ramp_up_set
                0x00000000000035e0       0x5c _build/nrf_802154_core.o
 .text.fem_for_lna_reset
                0x000000000000363c       0x24 _build/nrf_802154_core.o
 .text.falling_asleep_terminate
                0x0000000000003660       0x18 _build/nrf_802154_core.o
 .text.ed_iter_setup
                0x0000000000003678       0x44 _build/nrf_802154_core.o
 .text.cca_configuration_update
                0x00000000000036bc       0x38 _build/nrf_802154_core.o
 .text.sleep_init
                0x00000000000036f4       0x10 _build/nrf_802154_core.o
 .text.rssi_last_measurement_get
                0x0000000000003704       0x1c _build/nrf_802154_core.o
 .text.received_frame_notify
                0x0000000000003720       0x30 _build/nrf_802154_core.o
 .text.transmit_failed_notify
                0x0000000000003750       0x28 _build/nrf_802154_core.o
 .text.receive_failed_notify
                0x0000000000003778       0x18 _build/nrf_802154_core.o
 .text.received_frame_notify_and_nesting_allow
                0x0000000000003790       0x18 _build/nrf_802154_core.o
 .text.rx_terminate
                0x00000000000037a8       0x64 _build/nrf_802154_core.o
 .text.rx_ack_terminate
                0x000000000000380c       0x5c _build/nrf_802154_core.o
 .text.ed_terminate
                0x0000000000003868       0x50 _build/nrf_802154_core.o
 .text.cca_terminate
                0x00000000000038b8       0x50 _build/nrf_802154_core.o
 .text.fem_for_tx_reset
                0x0000000000003908       0x54 _build/nrf_802154_core.o
 .text.tx_terminate
                0x000000000000395c       0x54 _build/nrf_802154_core.o
 .text.channel_set
                0x00000000000039b0       0x40 _build/nrf_802154_core.o
 .text.ppi_egu_worked
                0x00000000000039f0       0x2c _build/nrf_802154_core.o
 .text.current_operation_terminate
                0x0000000000003a1c      0x17c _build/nrf_802154_core.o
 .text.nrf_egu_event_clear.constprop.0
                0x0000000000003b98       0x1c _build/nrf_802154_core.o
 .text.tx_init  0x0000000000003bb4       0xc8 _build/nrf_802154_core.o
 .text.cca_init
                0x0000000000003c7c       0x5c _build/nrf_802154_core.o
 .text.rx_restart
                0x0000000000003cd8       0x68 _build/nrf_802154_core.o
 .text.continuous_carrier_init.part.0
                0x0000000000003d40       0x30 _build/nrf_802154_core.o
 .text.ed_init  0x0000000000003d70       0x54 _build/nrf_802154_core.o
 .text.irq_deinit
                0x0000000000003dc4       0x28 _build/nrf_802154_core.o
 .text.critical_section_can_be_processed_now
                0x0000000000003dec       0x20 _build/nrf_802154_core.o
 .text.critical_section_enter_and_verify_timeslot_length
                0x0000000000003e0c       0x1a _build/nrf_802154_core.o
 *fill*         0x0000000000003e26        0x2 
 .text.rx_init  0x0000000000003e28      0x144 _build/nrf_802154_core.o
 .text.nrf_802154_rsch_crit_sect_prio_changed
                0x0000000000003f6c      0x268 _build/nrf_802154_core.o
                0x0000000000003f6c                nrf_802154_rsch_crit_sect_prio_changed
 .text.nrf_802154_core_init
                0x00000000000041d4       0x44 _build/nrf_802154_core.o
                0x00000000000041d4                nrf_802154_core_init
 .text.nrf_802154_core_receive
                0x0000000000004218       0x64 _build/nrf_802154_core.o
                0x0000000000004218                nrf_802154_core_receive
 .text.nrf_802154_core_transmit
                0x000000000000427c       0x7c _build/nrf_802154_core.o
                0x000000000000427c                nrf_802154_core_transmit
 .text.nrf_802154_core_notify_buffer_free
                0x00000000000042f8       0xbc _build/nrf_802154_core.o
                0x00000000000042f8                nrf_802154_core_notify_buffer_free
 .text.nrf_802154_core_channel_update
                0x00000000000043b4       0x60 _build/nrf_802154_core.o
                0x00000000000043b4                nrf_802154_core_channel_update
 .text.RADIO_IRQHandler
                0x0000000000004414      0x8c0 _build/nrf_802154_core.o
                0x0000000000004414                RADIO_IRQHandler
 .text.nrf_802154_core_hooks_terminate
                0x0000000000004cd4       0x28 _build/nrf_802154_core_hooks.o
                0x0000000000004cd4                nrf_802154_core_hooks_terminate
 .text.nrf_802154_core_hooks_transmitted
                0x0000000000004cfc        0x4 _build/nrf_802154_core_hooks.o
                0x0000000000004cfc                nrf_802154_core_hooks_transmitted
 .text.nrf_802154_core_hooks_tx_failed
                0x0000000000004d00       0x28 _build/nrf_802154_core_hooks.o
                0x0000000000004d00                nrf_802154_core_hooks_tx_failed
 .text.nrf_802154_core_hooks_tx_started
                0x0000000000004d28       0x24 _build/nrf_802154_core_hooks.o
                0x0000000000004d28                nrf_802154_core_hooks_tx_started
 .text.nrf_802154_core_hooks_rx_started
                0x0000000000004d4c        0x4 _build/nrf_802154_core_hooks.o
                0x0000000000004d4c                nrf_802154_core_hooks_rx_started
 .text.nrf_802154_core_hooks_rx_ack_started
                0x0000000000004d50        0x4 _build/nrf_802154_core_hooks.o
                0x0000000000004d50                nrf_802154_core_hooks_rx_ack_started
 .text.critical_section_enter.part.0
                0x0000000000004d54       0x78 _build/nrf_802154_critical_section.o
 .text.nrf_802154_critical_section_init
                0x0000000000004dcc       0x18 _build/nrf_802154_critical_section.o
                0x0000000000004dcc                nrf_802154_critical_section_init
 .text.nrf_802154_critical_section_forcefully_enter
                0x0000000000004de4       0x24 _build/nrf_802154_critical_section.o
                0x0000000000004de4                nrf_802154_critical_section_forcefully_enter
 .text.nrf_802154_critical_section_nesting_deny
                0x0000000000004e08       0x48 _build/nrf_802154_critical_section.o
                0x0000000000004e08                nrf_802154_critical_section_nesting_deny
 .text.nrf_802154_critical_section_active_vector_priority_get
                0x0000000000004e50       0x5c _build/nrf_802154_critical_section.o
                0x0000000000004e50                nrf_802154_critical_section_active_vector_priority_get
 .text.critical_section_enter.constprop.0
                0x0000000000004eac       0x34 _build/nrf_802154_critical_section.o
 .text.nrf_802154_critical_section_exit
                0x0000000000004ee0       0xc0 _build/nrf_802154_critical_section.o
                0x0000000000004ee0                nrf_802154_critical_section_exit
 .text.nrf_802154_critical_section_enter
                0x0000000000004fa0        0x4 _build/nrf_802154_critical_section.o
                0x0000000000004fa0                nrf_802154_critical_section_enter
 .text.nrf_802154_critical_section_nesting_allow
                0x0000000000004fa4       0x4c _build/nrf_802154_critical_section.o
                0x0000000000004fa4                nrf_802154_critical_section_nesting_allow
 .text.nrf_802154_debug_init
                0x0000000000004ff0        0x2 _build/nrf_802154_debug.o
                0x0000000000004ff0                nrf_802154_debug_init
 *fill*         0x0000000000004ff2        0x2 
 .text.nrf_802154_pib_init
                0x0000000000004ff4       0x38 _build/nrf_802154_pib.o
                0x0000000000004ff4                nrf_802154_pib_init
 .text.nrf_802154_pib_promiscuous_get
                0x000000000000502c       0x10 _build/nrf_802154_pib.o
                0x000000000000502c                nrf_802154_pib_promiscuous_get
 .text.nrf_802154_pib_auto_ack_get
                0x000000000000503c       0x10 _build/nrf_802154_pib.o
                0x000000000000503c                nrf_802154_pib_auto_ack_get
 .text.nrf_802154_pib_pan_coord_get
                0x000000000000504c       0x10 _build/nrf_802154_pib.o
                0x000000000000504c                nrf_802154_pib_pan_coord_get
 .text.nrf_802154_pib_channel_get
                0x000000000000505c        0xc _build/nrf_802154_pib.o
                0x000000000000505c                nrf_802154_pib_channel_get
 .text.nrf_802154_pib_channel_set
                0x0000000000005068       0x10 _build/nrf_802154_pib.o
                0x0000000000005068                nrf_802154_pib_channel_set
 .text.nrf_802154_pib_tx_power_get
                0x0000000000005078       0x5c _build/nrf_802154_pib.o
                0x0000000000005078                nrf_802154_pib_tx_power_get
 .text.nrf_802154_pib_pan_id_get
                0x00000000000050d4        0x8 _build/nrf_802154_pib.o
                0x00000000000050d4                nrf_802154_pib_pan_id_get
 .text.nrf_802154_pib_pan_id_set
                0x00000000000050dc       0x10 _build/nrf_802154_pib.o
                0x00000000000050dc                nrf_802154_pib_pan_id_set
 .text.nrf_802154_pib_extended_address_get
                0x00000000000050ec        0x8 _build/nrf_802154_pib.o
                0x00000000000050ec                nrf_802154_pib_extended_address_get
 .text.nrf_802154_pib_extended_address_set
                0x00000000000050f4       0x10 _build/nrf_802154_pib.o
                0x00000000000050f4                nrf_802154_pib_extended_address_set
 .text.nrf_802154_pib_short_address_get
                0x0000000000005104        0x8 _build/nrf_802154_pib.o
                0x0000000000005104                nrf_802154_pib_short_address_get
 .text.nrf_802154_pib_cca_cfg_get
                0x000000000000510c        0xc _build/nrf_802154_pib.o
                0x000000000000510c                nrf_802154_pib_cca_cfg_get
 .text.nrf_802154_rssi_sample_temp_corr_value_get
                0x0000000000005118       0x42 _build/nrf_802154_rssi.o
                0x0000000000005118                nrf_802154_rssi_sample_temp_corr_value_get
 .text.nrf_802154_rssi_sample_corrected_get
                0x000000000000515a        0xe _build/nrf_802154_rssi.o
                0x000000000000515a                nrf_802154_rssi_sample_corrected_get
 .text.nrf_802154_rssi_lqi_corrected_get
                0x0000000000005168        0xe _build/nrf_802154_rssi.o
                0x0000000000005168                nrf_802154_rssi_lqi_corrected_get
 .text.nrf_802154_rssi_ed_corrected_get
                0x0000000000005176        0xe _build/nrf_802154_rssi.o
                0x0000000000005176                nrf_802154_rssi_ed_corrected_get
 .text.nrf_802154_rssi_cca_ed_threshold_corrected_get
                0x0000000000005184        0xe _build/nrf_802154_rssi.o
                0x0000000000005184                nrf_802154_rssi_cca_ed_threshold_corrected_get
 *fill*         0x0000000000005192        0x2 
 .text.nrf_802154_rx_buffer_init
                0x0000000000005194       0x1c _build/nrf_802154_rx_buffer.o
                0x0000000000005194                nrf_802154_rx_buffer_init
 .text.nrf_802154_rx_buffer_free_find
                0x00000000000051b0       0x24 _build/nrf_802154_rx_buffer.o
                0x00000000000051b0                nrf_802154_rx_buffer_free_find
 .text.nrf_802154_timer_coord_init
                0x00000000000051d4       0x48 _build/nrf_802154_timer_coord.o
                0x00000000000051d4                nrf_802154_timer_coord_init
 .text.nrf_802154_timer_coord_start
                0x000000000000521c       0x1c _build/nrf_802154_timer_coord.o
                0x000000000000521c                nrf_802154_timer_coord_start
 .text.nrf_802154_timer_coord_stop
                0x0000000000005238        0xe _build/nrf_802154_timer_coord.o
                0x0000000000005238                nrf_802154_timer_coord_stop
 *fill*         0x0000000000005246        0x2 
 .text.nrf_802154_timer_coord_timestamp_prepare
                0x0000000000005248       0x28 _build/nrf_802154_timer_coord.o
                0x0000000000005248                nrf_802154_timer_coord_timestamp_prepare
 .text.nrf_802154_timer_coord_timestamp_get
                0x0000000000005270       0xb8 _build/nrf_802154_timer_coord.o
                0x0000000000005270                nrf_802154_timer_coord_timestamp_get
 .text.nrf_802154_lp_timer_synchronized
                0x0000000000005328       0xc0 _build/nrf_802154_timer_coord.o
                0x0000000000005328                nrf_802154_lp_timer_synchronized
 .text.nrf_802154_fal_tx_power_get
                0x00000000000053e8        0x4 _build/nrf_802154_fal.o
                0x00000000000053e8                nrf_802154_fal_tx_power_get
 .text.random_backoff_start
                0x00000000000053ec       0x44 _build/nrf_802154_csma_ca.o
 .text.channel_busy.part.0
                0x0000000000005430       0x3c _build/nrf_802154_csma_ca.o
 .text.frame_transmit
                0x000000000000546c       0x3c _build/nrf_802154_csma_ca.o
 .text.notify_busy_channel
                0x00000000000054a8       0x20 _build/nrf_802154_csma_ca.o
 .text.nrf_802154_csma_ca_abort
                0x00000000000054c8       0x2c _build/nrf_802154_csma_ca.o
                0x00000000000054c8                nrf_802154_csma_ca_abort
 .text.nrf_802154_csma_ca_tx_failed_hook
                0x00000000000054f4       0x20 _build/nrf_802154_csma_ca.o
                0x00000000000054f4                nrf_802154_csma_ca_tx_failed_hook
 .text.nrf_802154_csma_ca_tx_started_hook
                0x0000000000005514       0x40 _build/nrf_802154_csma_ca.o
                0x0000000000005514                nrf_802154_csma_ca_tx_started_hook
 .text.dly_rx_state_set
                0x0000000000005554       0x38 _build/nrf_802154_delayed_trx.o
 .text.nrf_802154_delayed_trx_abort
                0x000000000000558c       0x4c _build/nrf_802154_delayed_trx.o
                0x000000000000558c                nrf_802154_delayed_trx_abort
 .text.nrf_802154_delayed_trx_rx_started_hook
                0x00000000000055d8       0x2c _build/nrf_802154_delayed_trx.o
                0x00000000000055d8                nrf_802154_delayed_trx_rx_started_hook
 .text.nrf_802154_filter_frame_part
                0x0000000000005604      0x144 _build/nrf_802154_filter.o
                0x0000000000005604                nrf_802154_filter_frame_part
 .text.addressing_offset_get
                0x0000000000005748       0x1a _build/nrf_802154_frame_parser.o
 .text.src_addr_size_get
                0x0000000000005762       0x22 _build/nrf_802154_frame_parser.o
 .text.dst_addr_size_get
                0x0000000000005784       0x10 _build/nrf_802154_frame_parser.o
 .text.dst_panid_is_present
                0x0000000000005794       0x3c _build/nrf_802154_frame_parser.o
 .text.src_panid_is_present
                0x00000000000057d0       0x28 _build/nrf_802154_frame_parser.o
 .text.nrf_802154_frame_parser_src_addr_is_extended
                0x00000000000057f8       0x10 _build/nrf_802154_frame_parser.o
                0x00000000000057f8                nrf_802154_frame_parser_src_addr_is_extended
 .text.nrf_802154_frame_parser_src_addr_is_short
                0x0000000000005808       0x10 _build/nrf_802154_frame_parser.o
                0x0000000000005808                nrf_802154_frame_parser_src_addr_is_short
 .text.nrf_802154_frame_parser_dsn_suppress_bit_is_set
                0x0000000000005818        0x8 _build/nrf_802154_frame_parser.o
                0x0000000000005818                nrf_802154_frame_parser_dsn_suppress_bit_is_set
 .text.nrf_802154_frame_parser_ar_bit_is_set
                0x0000000000005820        0x8 _build/nrf_802154_frame_parser.o
                0x0000000000005820                nrf_802154_frame_parser_ar_bit_is_set
 .text.nrf_802154_frame_parser_dst_panid_offset_get
                0x0000000000005828       0x16 _build/nrf_802154_frame_parser.o
                0x0000000000005828                nrf_802154_frame_parser_dst_panid_offset_get
 .text.nrf_802154_frame_parser_dst_addr_offset_get
                0x000000000000583e       0x24 _build/nrf_802154_frame_parser.o
                0x000000000000583e                nrf_802154_frame_parser_dst_addr_offset_get
 .text.nrf_802154_frame_parser_dst_addr_end_offset_get
                0x0000000000005862       0x2a _build/nrf_802154_frame_parser.o
                0x0000000000005862                nrf_802154_frame_parser_dst_addr_end_offset_get
 .text.nrf_802154_frame_parser_src_panid_offset_get
                0x000000000000588c       0x4c _build/nrf_802154_frame_parser.o
                0x000000000000588c                nrf_802154_frame_parser_src_panid_offset_get
 .text.nrf_802154_frame_parser_src_addr_offset_get
                0x00000000000058d8       0x58 _build/nrf_802154_frame_parser.o
                0x00000000000058d8                nrf_802154_frame_parser_src_addr_offset_get
 .text.nrf_802154_frame_parser_src_addr_get
                0x0000000000005930       0x2c _build/nrf_802154_frame_parser.o
                0x0000000000005930                nrf_802154_frame_parser_src_addr_get
 .text.nrf_802154_frame_parser_mhr_parse
                0x000000000000595c       0xa2 _build/nrf_802154_frame_parser.o
                0x000000000000595c                nrf_802154_frame_parser_mhr_parse
 *fill*         0x00000000000059fe        0x2 
 .text.timeout_timer_stop
                0x0000000000005a00       0x18 _build/nrf_802154_precise_ack_timeout.o
 .text.notify_tx_error
                0x0000000000005a18       0x14 _build/nrf_802154_precise_ack_timeout.o
 .text.timeout_timer_fired
                0x0000000000005a2c       0x60 _build/nrf_802154_precise_ack_timeout.o
 .text.nrf_802154_ack_timeout_tx_started_hook
                0x0000000000005a8c       0x50 _build/nrf_802154_precise_ack_timeout.o
                0x0000000000005a8c                nrf_802154_ack_timeout_tx_started_hook
 .text.nrf_802154_ack_timeout_abort
                0x0000000000005adc       0x28 _build/nrf_802154_precise_ack_timeout.o
                0x0000000000005adc                nrf_802154_ack_timeout_abort
 .text.nrf_802154_ack_timeout_transmitted_hook
                0x0000000000005b04       0x38 _build/nrf_802154_precise_ack_timeout.o
                0x0000000000005b04                nrf_802154_ack_timeout_transmitted_hook
 .text.nrf_802154_ack_timeout_rx_ack_started_hook
                0x0000000000005b3c       0x2c _build/nrf_802154_precise_ack_timeout.o
                0x0000000000005b3c                nrf_802154_ack_timeout_rx_ack_started_hook
 .text.nrf_802154_ack_timeout_tx_failed_hook
                0x0000000000005b68       0x38 _build/nrf_802154_precise_ack_timeout.o
                0x0000000000005b68                nrf_802154_ack_timeout_tx_failed_hook
 .text.addr_index_find
                0x0000000000005ba0       0xc0 _build/nrf_802154_ack_data.o
 .text.nrf_802154_ack_data_init
                0x0000000000005c60       0x34 _build/nrf_802154_ack_data.o
                0x0000000000005c60                nrf_802154_ack_data_init
 .text.nrf_802154_ack_data_pending_bit_should_be_set
                0x0000000000005c94       0xa4 _build/nrf_802154_ack_data.o
                0x0000000000005c94                nrf_802154_ack_data_pending_bit_should_be_set
 .text.nrf_802154_ack_data_ie_get
                0x0000000000005d38       0x4c _build/nrf_802154_ack_data.o
                0x0000000000005d38                nrf_802154_ack_data_ie_get
 .text.nrf_802154_ack_generator_init
                0x0000000000005d84        0xe _build/nrf_802154_ack_generator.o
                0x0000000000005d84                nrf_802154_ack_generator_init
 *fill*         0x0000000000005d92        0x2 
 .text.nrf_802154_ack_generator_create
                0x0000000000005d94       0x48 _build/nrf_802154_ack_generator.o
                0x0000000000005d94                nrf_802154_ack_generator_create
 .text.nrf_802154_enh_ack_generator_init
                0x0000000000005ddc        0x2 _build/nrf_802154_enh_ack_generator.o
                0x0000000000005ddc                nrf_802154_enh_ack_generator_init
 *fill*         0x0000000000005dde        0x2 
 .text.nrf_802154_enh_ack_generator_create
                0x0000000000005de0      0x1f0 _build/nrf_802154_enh_ack_generator.o
                0x0000000000005de0                nrf_802154_enh_ack_generator_create
 .text.nrf_802154_imm_ack_generator_init
                0x0000000000005fd0       0x28 _build/nrf_802154_imm_ack_generator.o
                0x0000000000005fd0                nrf_802154_imm_ack_generator_init
 .text.nrf_802154_imm_ack_generator_create
                0x0000000000005ff8       0x20 _build/nrf_802154_imm_ack_generator.o
                0x0000000000005ff8                nrf_802154_imm_ack_generator_create
 .text.prec_approved_prio_set
                0x0000000000006018       0x38 _build/nrf_802154_rsch.o
 .text.all_prec_update
                0x0000000000006050      0x104 _build/nrf_802154_rsch.o
 .text.notify_core
                0x0000000000006154       0x88 _build/nrf_802154_rsch.o
 .text.nrf_802154_rsch_init
                0x00000000000061dc       0x50 _build/nrf_802154_rsch.o
                0x00000000000061dc                nrf_802154_rsch_init
 .text.nrf_802154_rsch_continuous_mode_priority_set
                0x000000000000622c       0x1c _build/nrf_802154_rsch.o
                0x000000000000622c                nrf_802154_rsch_continuous_mode_priority_set
 .text.nrf_802154_rsch_continuous_ended
                0x0000000000006248        0x4 _build/nrf_802154_rsch.o
                0x0000000000006248                nrf_802154_rsch_continuous_ended
 .text.nrf_802154_rsch_timeslot_request
                0x000000000000624c        0x4 _build/nrf_802154_rsch.o
                0x000000000000624c                nrf_802154_rsch_timeslot_request
 .text.nrf_802154_rsch_timeslot_is_requested
                0x0000000000006250       0x1c _build/nrf_802154_rsch.o
                0x0000000000006250                nrf_802154_rsch_timeslot_is_requested
 .text.nrf_802154_rsch_prec_is_approved
                0x000000000000626c       0x34 _build/nrf_802154_rsch.o
                0x000000000000626c                nrf_802154_rsch_prec_is_approved
 .text.nrf_802154_rsch_timeslot_us_left_get
                0x00000000000062a0        0x4 _build/nrf_802154_rsch.o
                0x00000000000062a0                nrf_802154_rsch_timeslot_us_left_get
 .text.nrf_raal_timeslot_started
                0x00000000000062a4       0x12 _build/nrf_802154_rsch.o
                0x00000000000062a4                nrf_raal_timeslot_started
 .text.nrf_802154_clock_hfclk_ready
                0x00000000000062b6       0x12 _build/nrf_802154_rsch.o
                0x00000000000062b6                nrf_802154_clock_hfclk_ready
 .text.nrf_802154_rsch_crit_sect_init
                0x00000000000062c8        0xc _build/nrf_802154_rsch_crit_sect.o
                0x00000000000062c8                nrf_802154_rsch_crit_sect_init
 .text.nrf_802154_rsch_crit_sect_prio_request
                0x00000000000062d4        0x4 _build/nrf_802154_rsch_crit_sect.o
                0x00000000000062d4                nrf_802154_rsch_crit_sect_prio_request
 .text.nrf_802154_rsch_continuous_prio_changed
                0x00000000000062d8       0x44 _build/nrf_802154_rsch_crit_sect.o
                0x00000000000062d8                nrf_802154_rsch_continuous_prio_changed
 .text.nrf_802154_critical_section_rsch_enter
                0x000000000000631c        0x2 _build/nrf_802154_rsch_crit_sect.o
                0x000000000000631c                nrf_802154_critical_section_rsch_enter
 *fill*         0x000000000000631e        0x2 
 .text.nrf_802154_critical_section_rsch_exit
                0x0000000000006320       0x20 _build/nrf_802154_rsch_crit_sect.o
                0x0000000000006320                nrf_802154_critical_section_rsch_exit
 .text.nrf_802154_critical_section_rsch_event_is_pending
                0x0000000000006340       0x10 _build/nrf_802154_rsch_crit_sect.o
                0x0000000000006340                nrf_802154_critical_section_rsch_event_is_pending
 .text.mutex_trylock
                0x0000000000006350       0x2e _build/nrf_802154_timer_sched.o
 *fill*         0x000000000000637e        0x2 
 .text.queue_cntr_bump
                0x0000000000006380       0x2c _build/nrf_802154_timer_sched.o
 .text.handle_timer
                0x00000000000063ac       0x48 _build/nrf_802154_timer_sched.o
 .text.timer_remove
                0x00000000000063f4       0xcc _build/nrf_802154_timer_sched.o
 .text.nrf_802154_timer_sched_init
                0x00000000000064c0       0x24 _build/nrf_802154_timer_sched.o
                0x00000000000064c0                nrf_802154_timer_sched_init
 .text.nrf_802154_timer_sched_time_get
                0x00000000000064e4        0x4 _build/nrf_802154_timer_sched.o
                0x00000000000064e4                nrf_802154_timer_sched_time_get
 .text.nrf_802154_timer_sched_granularity_get
                0x00000000000064e8        0x4 _build/nrf_802154_timer_sched.o
                0x00000000000064e8                nrf_802154_timer_sched_granularity_get
 .text.nrf_802154_timer_sched_time_is_in_future
                0x00000000000064ec        0xe _build/nrf_802154_timer_sched.o
                0x00000000000064ec                nrf_802154_timer_sched_time_is_in_future
 *fill*         0x00000000000064fa        0x2 
 .text.nrf_802154_timer_sched_add
                0x00000000000064fc       0xc8 _build/nrf_802154_timer_sched.o
                0x00000000000064fc                nrf_802154_timer_sched_add
 .text.nrf_802154_timer_sched_remove
                0x00000000000065c4       0x12 _build/nrf_802154_timer_sched.o
                0x00000000000065c4                nrf_802154_timer_sched_remove
 *fill*         0x00000000000065d6        0x2 
 .text.nrf_802154_timer_sched_is_running
                0x00000000000065d8       0x30 _build/nrf_802154_timer_sched.o
                0x00000000000065d8                nrf_802154_timer_sched_is_running
 .text.nrf_802154_lp_timer_fired
                0x0000000000006608       0x44 _build/nrf_802154_timer_sched.o
                0x0000000000006608                nrf_802154_lp_timer_fired
 .text.nrf_802154_notification_init
                0x000000000000664c        0x2 _build/nrf_802154_notification_direct.o
                0x000000000000664c                nrf_802154_notification_init
 .text.nrf_802154_notify_received
                0x000000000000664e        0x4 _build/nrf_802154_notification_direct.o
                0x000000000000664e                nrf_802154_notify_received
 .text.nrf_802154_notify_receive_failed
                0x0000000000006652        0x4 _build/nrf_802154_notification_direct.o
                0x0000000000006652                nrf_802154_notify_receive_failed
 .text.nrf_802154_notify_transmitted
                0x0000000000006656        0x4 _build/nrf_802154_notification_direct.o
                0x0000000000006656                nrf_802154_notify_transmitted
 .text.nrf_802154_notify_transmit_failed
                0x000000000000665a        0x4 _build/nrf_802154_notification_direct.o
                0x000000000000665a                nrf_802154_notify_transmit_failed
 .text.nrf_802154_notify_energy_detected
                0x000000000000665e        0x4 _build/nrf_802154_notification_direct.o
                0x000000000000665e                nrf_802154_notify_energy_detected
 .text.nrf_802154_notify_energy_detection_failed
                0x0000000000006662        0x4 _build/nrf_802154_notification_direct.o
                0x0000000000006662                nrf_802154_notify_energy_detection_failed
 .text.nrf_802154_notify_cca
                0x0000000000006666        0x4 _build/nrf_802154_notification_direct.o
                0x0000000000006666                nrf_802154_notify_cca
 .text.nrf_802154_notify_cca_failed
                0x000000000000666a        0x4 _build/nrf_802154_notification_direct.o
                0x000000000000666a                nrf_802154_notify_cca_failed
 .text.nrf_802154_priority_drop_init
                0x000000000000666e        0x2 _build/nrf_802154_priority_drop_direct.o
                0x000000000000666e                nrf_802154_priority_drop_init
 .text.nrf_802154_priority_drop_hfclk_stop
                0x0000000000006670        0x4 _build/nrf_802154_priority_drop_direct.o
                0x0000000000006670                nrf_802154_priority_drop_hfclk_stop
 .text.nrf_802154_priority_drop_hfclk_stop_terminate
                0x0000000000006674        0x2 _build/nrf_802154_priority_drop_direct.o
                0x0000000000006674                nrf_802154_priority_drop_hfclk_stop_terminate
 .text.nrf_802154_request_init
                0x0000000000006676        0x2 _build/nrf_802154_request_direct.o
                0x0000000000006676                nrf_802154_request_init
 .text.nrf_802154_request_receive
                0x0000000000006678        0x4 _build/nrf_802154_request_direct.o
                0x0000000000006678                nrf_802154_request_receive
 .text.nrf_802154_request_transmit
                0x000000000000667c       0x10 _build/nrf_802154_request_direct.o
                0x000000000000667c                nrf_802154_request_transmit
 .text.nrf_802154_request_buffer_free
                0x000000000000668c        0x4 _build/nrf_802154_request_direct.o
                0x000000000000668c                nrf_802154_request_buffer_free
 .text.nrf_802154_request_channel_update
                0x0000000000006690        0x4 _build/nrf_802154_request_direct.o
                0x0000000000006690                nrf_802154_request_channel_update
 .text.nrf_raal_init
                0x0000000000006694        0xc _build/single_phy.o
                0x0000000000006694                nrf_raal_init
 .text.nrf_raal_continuous_mode_enter
                0x00000000000066a0       0x30 _build/single_phy.o
                0x00000000000066a0                nrf_raal_continuous_mode_enter
 .text.nrf_raal_continuous_mode_exit
                0x00000000000066d0       0x2c _build/single_phy.o
                0x00000000000066d0                nrf_raal_continuous_mode_exit
 .text.nrf_raal_continuous_ended
                0x00000000000066fc        0x2 _build/single_phy.o
                0x00000000000066fc                nrf_raal_continuous_ended
 *fill*         0x00000000000066fe        0x2 
 .text.nrf_raal_timeslot_request
                0x0000000000006700       0x28 _build/single_phy.o
                0x0000000000006700                nrf_raal_timeslot_request
 .text.nrf_raal_timeslot_us_left_get
                0x0000000000006728        0x6 _build/single_phy.o
                0x0000000000006728                nrf_raal_timeslot_us_left_get
 *fill*         0x000000000000672e        0x2 
 .text.nrf_802154_clock_init
                0x0000000000006730       0x2c _build/nrf_802154_clock_nodrv.o
                0x0000000000006730                nrf_802154_clock_init
 .text.nrf_802154_clock_hfclk_start
                0x000000000000675c       0x1c _build/nrf_802154_clock_nodrv.o
                0x000000000000675c                nrf_802154_clock_hfclk_start
 .text.nrf_802154_clock_hfclk_stop
                0x0000000000006778        0xa _build/nrf_802154_clock_nodrv.o
                0x0000000000006778                nrf_802154_clock_hfclk_stop
 .text.nrf_802154_clock_lfclk_start
                0x0000000000006782       0x1c _build/nrf_802154_clock_nodrv.o
                0x0000000000006782                nrf_802154_clock_lfclk_start
 .text.POWER_CLOCK_IRQHandler
                0x000000000000679e       0x40 _build/nrf_802154_clock_nodrv.o
                0x000000000000679e                POWER_CLOCK_IRQHandler
 .text.nrf_802154_wifi_coex_init
                0x00000000000067de        0x2 _build/nrf_802154_wifi_coex_none.o
                0x00000000000067de                nrf_802154_wifi_coex_init
 .text.nrf_802154_wifi_coex_prio_request
                0x00000000000067e0        0x2 _build/nrf_802154_wifi_coex_none.o
                0x00000000000067e0                nrf_802154_wifi_coex_prio_request
 .text.nrf_802154_hp_timer_init
                0x00000000000067e2        0x2 _build/nrf_802154_hp_timer.o
                0x00000000000067e2                nrf_802154_hp_timer_init
 .text.nrf_802154_hp_timer_start
                0x00000000000067e4       0x34 _build/nrf_802154_hp_timer.o
                0x00000000000067e4                nrf_802154_hp_timer_start
 .text.nrf_802154_hp_timer_stop
                0x0000000000006818        0xc _build/nrf_802154_hp_timer.o
                0x0000000000006818                nrf_802154_hp_timer_stop
 .text.nrf_802154_hp_timer_sync_task_get
                0x0000000000006824        0x8 _build/nrf_802154_hp_timer.o
                0x0000000000006824                nrf_802154_hp_timer_sync_task_get
 .text.nrf_802154_hp_timer_sync_prepare
                0x000000000000682c       0x20 _build/nrf_802154_hp_timer.o
                0x000000000000682c                nrf_802154_hp_timer_sync_prepare
 .text.nrf_802154_hp_timer_sync_time_get
                0x000000000000684c       0x3c _build/nrf_802154_hp_timer.o
                0x000000000000684c                nrf_802154_hp_timer_sync_time_get
 .text.nrf_802154_hp_timer_timestamp_task_get
                0x0000000000006888        0x8 _build/nrf_802154_hp_timer.o
                0x0000000000006888                nrf_802154_hp_timer_timestamp_task_get
 .text.nrf_802154_hp_timer_timestamp_get
                0x0000000000006890        0xc _build/nrf_802154_hp_timer.o
                0x0000000000006890                nrf_802154_hp_timer_timestamp_get
 .text.NRF_802154_US_TO_RTC_TICKS
                0x000000000000689c       0x8c _build/nrf_802154_lp_timer_nodrv.o
 .text.timer_start_at
                0x0000000000006928       0x98 _build/nrf_802154_lp_timer_nodrv.o
 .text.nrf_rtc_event_clear.constprop.0
                0x00000000000069c0       0x18 _build/nrf_802154_lp_timer_nodrv.o
 .text.overflow_counter_get
                0x00000000000069d8       0xb4 _build/nrf_802154_lp_timer_nodrv.o
 .text.offset_and_counter_get
                0x0000000000006a8c       0x38 _build/nrf_802154_lp_timer_nodrv.o
 .text.curr_time_get
                0x0000000000006ac4       0x34 _build/nrf_802154_lp_timer_nodrv.o
 .text.nrf_802154_lp_timer_init
                0x0000000000006af8       0x80 _build/nrf_802154_lp_timer_nodrv.o
                0x0000000000006af8                nrf_802154_lp_timer_init
 .text.nrf_802154_lp_timer_critical_section_enter
                0x0000000000006b78       0x28 _build/nrf_802154_lp_timer_nodrv.o
                0x0000000000006b78                nrf_802154_lp_timer_critical_section_enter
 .text.nrf_802154_lp_timer_critical_section_exit
                0x0000000000006ba0       0x1c _build/nrf_802154_lp_timer_nodrv.o
                0x0000000000006ba0                nrf_802154_lp_timer_critical_section_exit
 .text.nrf_802154_lp_timer_time_get
                0x0000000000006bbc        0x8 _build/nrf_802154_lp_timer_nodrv.o
                0x0000000000006bbc                nrf_802154_lp_timer_time_get
 .text.nrf_802154_lp_timer_granularity_get
                0x0000000000006bc4        0x4 _build/nrf_802154_lp_timer_nodrv.o
                0x0000000000006bc4                nrf_802154_lp_timer_granularity_get
 .text.nrf_802154_lp_timer_start
                0x0000000000006bc8       0xa0 _build/nrf_802154_lp_timer_nodrv.o
                0x0000000000006bc8                nrf_802154_lp_timer_start
 .text.nrf_802154_lp_timer_stop
                0x0000000000006c68       0x1c _build/nrf_802154_lp_timer_nodrv.o
                0x0000000000006c68                nrf_802154_lp_timer_stop
 .text.nrf_802154_lp_timer_sync_start_now
                0x0000000000006c84       0x60 _build/nrf_802154_lp_timer_nodrv.o
                0x0000000000006c84                nrf_802154_lp_timer_sync_start_now
 .text.nrf_802154_lp_timer_sync_start_at
                0x0000000000006ce4       0x2c _build/nrf_802154_lp_timer_nodrv.o
                0x0000000000006ce4                nrf_802154_lp_timer_sync_start_at
 .text.nrf_802154_lp_timer_sync_stop
                0x0000000000006d10       0x1c _build/nrf_802154_lp_timer_nodrv.o
                0x0000000000006d10                nrf_802154_lp_timer_sync_stop
 .text.nrf_802154_lp_timer_sync_event_get
                0x0000000000006d2c        0x8 _build/nrf_802154_lp_timer_nodrv.o
                0x0000000000006d2c                nrf_802154_lp_timer_sync_event_get
 .text.nrf_802154_lp_timer_sync_time_get
                0x0000000000006d34        0xc _build/nrf_802154_lp_timer_nodrv.o
                0x0000000000006d34                nrf_802154_lp_timer_sync_time_get
 .text.nrf_802154_clock_lfclk_ready
                0x0000000000006d40        0xc _build/nrf_802154_lp_timer_nodrv.o
                0x0000000000006d40                nrf_802154_clock_lfclk_ready
 .text.RTC2_IRQHandler
                0x0000000000006d4c       0xa8 _build/nrf_802154_lp_timer_nodrv.o
                0x0000000000006d4c                RTC2_IRQHandler
 .text.nrf_802154_random_init
                0x0000000000006df4       0x20 _build/nrf_802154_random_stdlib.o
                0x0000000000006df4                nrf_802154_random_init
 .text.nrf_802154_random_get
                0x0000000000006e14        0x4 _build/nrf_802154_random_stdlib.o
                0x0000000000006e14                nrf_802154_random_get
 .text.nrf_802154_temperature_init
                0x0000000000006e18        0x2 _build/nrf_802154_temperature_none.o
                0x0000000000006e18                nrf_802154_temperature_init
 .text.nrf_802154_temperature_get
                0x0000000000006e1a        0x4 _build/nrf_802154_temperature_none.o
                0x0000000000006e1a                nrf_802154_temperature_get
 *fill*         0x0000000000006e1e        0x2 
 .text.__NVIC_SystemReset
                0x0000000000006e20       0x24 _build/system_nrf52833.o
 .text.errata_36
                0x0000000000006e44       0x1a _build/system_nrf52833.o
 *fill*         0x0000000000006e5e        0x2 
 .text.SystemInit
                0x0000000000006e60      0x19c _build/system_nrf52833.o
                0x0000000000006e60                SystemInit
 .text          0x0000000000006ffc       0x3c _build/gcc_startup_nrf52833.os
                0x0000000000006ffc                Reset_Handler
                0x0000000000007024                NMI_Handler
                0x0000000000007028                MemoryManagement_Handler
                0x000000000000702a                BusFault_Handler
                0x000000000000702c                UsageFault_Handler
                0x000000000000702e                SVC_Handler
                0x0000000000007030                DebugMon_Handler
                0x0000000000007032                PendSV_Handler
                0x0000000000007034                SysTick_Handler
                0x0000000000007036                TIMER2_IRQHandler
                0x0000000000007036                RTC0_IRQHandler
                0x0000000000007036                SWI2_EGU2_IRQHandler
                0x0000000000007036                PDM_IRQHandler
                0x0000000000007036                TEMP_IRQHandler
                0x0000000000007036                QDEC_IRQHandler
                0x0000000000007036                TIMER3_IRQHandler
                0x0000000000007036                PWM3_IRQHandler
                0x0000000000007036                FPU_IRQHandler
                0x0000000000007036                USBD_IRQHandler
                0x0000000000007036                TIMER4_IRQHandler
                0x0000000000007036                I2S_IRQHandler
                0x0000000000007036                SWI4_EGU4_IRQHandler
                0x0000000000007036                SPIM3_IRQHandler
                0x0000000000007036                PWM2_IRQHandler
                0x0000000000007036                ECB_IRQHandler
                0x0000000000007036                Default_Handler
                0x0000000000007036                CCM_AAR_IRQHandler
                0x0000000000007036                WDT_IRQHandler
                0x0000000000007036                SWI5_EGU5_IRQHandler
                0x0000000000007036                RNG_IRQHandler
                0x0000000000007036                SWI3_EGU3_IRQHandler
                0x0000000000007036                SWI1_EGU1_IRQHandler
                0x0000000000007036                NFCT_IRQHandler
                0x0000000000007036                MWU_IRQHandler
                0x0000000000007036                COMP_LPCOMP_IRQHandler
 .text          0x0000000000007038       0x4c /usr/lib/gcc/arm-none-eabi/10.3.1/../../../arm-none-eabi/lib/thumb/v7e-m+fp/hard/libc.a(lib_a-assert.o)
                0x0000000000007038                __assert_func
                0x0000000000007078                __assert
 .text          0x0000000000007084        0xc /usr/lib/gcc/arm-none-eabi/10.3.1/../../../arm-none-eabi/lib/thumb/v7e-m+fp/hard/libc.a(lib_a-atexit.o)
                0x0000000000007084                atexit
 .text          0x0000000000007090       0x20 /usr/lib/gcc/arm-none-eabi/10.3.1/../../../arm-none-eabi/lib/thumb/v7e-m+fp/hard/libc.a(lib_a-exit.o)
                0x0000000000007090                exit
 .text          0x00000000000070b0       0x2c /usr/lib/gcc/arm-none-eabi/10.3.1/../../../arm-none-eabi/lib/thumb/v7e-m+fp/hard/libc.a(lib_a-fini.o)
                0x00000000000070b0                __libc_fini_array
 .text          0x00000000000070dc       0x44 /usr/lib/gcc/arm-none-eabi/10.3.1/../../../arm-none-eabi/lib/thumb/v7e-m+fp/hard/libc.a(lib_a-fiprintf.o)
                0x00000000000070dc                _fiprintf_r
                0x00000000000070f8                fiprintf
 .text          0x0000000000007120       0x48 /usr/lib/gcc/arm-none-eabi/10.3.1/../../../arm-none-eabi/lib/thumb/v7e-m+fp/hard/libc.a(lib_a-init.o)
                0x0000000000007120                __libc_init_array
 .text          0x0000000000007168       0x64 /usr/lib/gcc/arm-none-eabi/10.3.1/../../../arm-none-eabi/lib/thumb/v7e-m+fp/hard/libc.a(lib_a-memcmp.o)
                0x0000000000007168                memcmp
 .text          0x00000000000071cc      0x134 /usr/lib/gcc/arm-none-eabi/10.3.1/../../../arm-none-eabi/lib/thumb/v7e-m+fp/hard/libc.a(lib_a-memcpy.o)
                0x00000000000071cc                memcpy
 .text          0x0000000000007300       0xf8 /usr/lib/gcc/arm-none-eabi/10.3.1/../../../arm-none-eabi/lib/thumb/v7e-m+fp/hard/libc.a(lib_a-memmove.o)
                0x0000000000007300                memmove
 .text          0x00000000000073f8       0xa4 /usr/lib/gcc/arm-none-eabi/10.3.1/../../../arm-none-eabi/lib/thumb/v7e-m+fp/hard/libc.a(lib_a-memset.o)
                0x00000000000073f8                memset
 .text          0x000000000000749c       0x48 /usr/lib/gcc/arm-none-eabi/10.3.1/../../../arm-none-eabi/lib/thumb/v7e-m+fp/hard/libc.a(lib_a-printf.o)
                0x000000000000749c                _printf_r
                0x00000000000074bc                printf
 .text          0x00000000000074e4       0x4c /usr/lib/gcc/arm-none-eabi/10.3.1/../../../arm-none-eabi/lib/thumb/v7e-m+fp/hard/libc.a(lib_a-rand.o)
                0x00000000000074e4                srand
                0x00000000000074f4                rand
 .text          0x0000000000007530       0x10 /usr/lib/gcc/arm-none-eabi/10.3.1/../../../arm-none-eabi/lib/thumb/v7e-m+fp/hard/libc.a(lib_a-setbuf.o)
                0x0000000000007530                setbuf
 .text          0x0000000000007540      0x174 /usr/lib/gcc/arm-none-eabi/10.3.1/../../../arm-none-eabi/lib/thumb/v7e-m+fp/hard/libc.a(lib_a-setvbuf.o)
                0x0000000000007540                setvbuf
 *fill*         0x00000000000076b4        0xc 
 .text          0x00000000000076c0       0xdc /usr/lib/gcc/arm-none-eabi/10.3.1/../../../arm-none-eabi/lib/thumb/v7e-m+fp/hard/libc.a(lib_a-strlen.o)
                0x00000000000076c0                strlen
 .text          0x000000000000779c      0xd44 /usr/lib/gcc/arm-none-eabi/10.3.1/../../../arm-none-eabi/lib/thumb/v7e-m+fp/hard/libc.a(lib_a-vfiprintf.o)
                0x0000000000007814                __sprint_r
                0x000000000000782c                _vfiprintf_r
                0x0000000000008458                vfiprintf
 .text          0x00000000000084e0     0x159c /usr/lib/gcc/arm-none-eabi/10.3.1/../../../arm-none-eabi/lib/thumb/v7e-m+fp/hard/libc.a(lib_a-vfprintf.o)
                0x00000000000084e0                _vfprintf_r
                0x00000000000099f4                vfprintf
 .text          0x0000000000009a7c       0xd4 /usr/lib/gcc/arm-none-eabi/10.3.1/../../../arm-none-eabi/lib/thumb/v7e-m+fp/hard/libc.a(lib_a-wsetup.o)
                0x0000000000009a7c                __swsetup_r
 .text          0x0000000000009b50       0x68 /usr/lib/gcc/arm-none-eabi/10.3.1/../../../arm-none-eabi/lib/thumb/v7e-m+fp/hard/libc.a(lib_a-__atexit.o)
                0x0000000000009b50                __register_exitproc
 .text          0x0000000000009bb8       0xb8 /usr/lib/gcc/arm-none-eabi/10.3.1/../../../arm-none-eabi/lib/thumb/v7e-m+fp/hard/libc.a(lib_a-__call_atexit.o)
                0x0000000000009bb8                __call_exitprocs
 .text.startup  0x0000000000009c70       0x14 /usr/lib/gcc/arm-none-eabi/10.3.1/../../../arm-none-eabi/lib/thumb/v7e-m+fp/hard/libc.a(lib_a-__call_atexit.o)
 .text          0x0000000000009c84       0x10 /usr/lib/gcc/arm-none-eabi/10.3.1/../../../arm-none-eabi/lib/thumb/v7e-m+fp/hard/libc.a(lib_a-abort.o)
                0x0000000000009c84                abort
 *fill*         0x0000000000009c94        0x4 
 .text          0x0000000000009c98     0x1064 /usr/lib/gcc/arm-none-eabi/10.3.1/../../../arm-none-eabi/lib/thumb/v7e-m+fp/hard/libc.a(lib_a-dtoa.o)
                0x0000000000009dc0                _dtoa_r
 .text          0x000000000000acfc      0x1ac /usr/lib/gcc/arm-none-eabi/10.3.1/../../../arm-none-eabi/lib/thumb/v7e-m+fp/hard/libc.a(lib_a-fflush.o)
                0x000000000000acfc                __sflush_r
                0x000000000000ae2c                _fflush_r
                0x000000000000ae58                fflush
 .text          0x000000000000aea8      0x218 /usr/lib/gcc/arm-none-eabi/10.3.1/../../../arm-none-eabi/lib/thumb/v7e-m+fp/hard/libc.a(lib_a-findfp.o)
                0x000000000000aeac                _cleanup_r
                0x000000000000af94                __sfmoreglue
                0x000000000000afc4                __sfp
                0x000000000000b06c                _cleanup
                0x000000000000b080                __sinit
                0x000000000000b088                __sfp_lock_acquire
                0x000000000000b08c                __sfp_lock_release
                0x000000000000b090                __sinit_lock_acquire
                0x000000000000b094                __sinit_lock_release
                0x000000000000b098                __fp_lock_all
                0x000000000000b0ac                __fp_unlock_all
 .text          0x000000000000b0c0      0x118 /usr/lib/gcc/arm-none-eabi/10.3.1/../../../arm-none-eabi/lib/thumb/v7e-m+fp/hard/libc.a(lib_a-fputwc.o)
                0x000000000000b0c0                __fputwc
                0x000000000000b168                _fputwc_r
                0x000000000000b190                fputwc
 .text          0x000000000000b1d8      0x2ac /usr/lib/gcc/arm-none-eabi/10.3.1/../../../arm-none-eabi/lib/thumb/v7e-m+fp/hard/libc.a(lib_a-freer.o)
                0x000000000000b1d8                _malloc_trim_r
                0x000000000000b278                _free_r
 .text          0x000000000000b484      0x2f0 /usr/lib/gcc/arm-none-eabi/10.3.1/../../../arm-none-eabi/lib/thumb/v7e-m+fp/hard/libc.a(lib_a-fvwrite.o)
                0x000000000000b484                __sfvwrite_r
 .text          0x000000000000b774       0x88 /usr/lib/gcc/arm-none-eabi/10.3.1/../../../arm-none-eabi/lib/thumb/v7e-m+fp/hard/libc.a(lib_a-fwalk.o)
                0x000000000000b774                _fwalk
                0x000000000000b7b4                _fwalk_reent
 .text          0x000000000000b7fc       0x8c /usr/lib/gcc/arm-none-eabi/10.3.1/../../../arm-none-eabi/lib/thumb/v7e-m+fp/hard/libc.a(lib_a-locale.o)
                0x000000000000b7fc                _setlocale_r
                0x000000000000b83c                __locale_mb_cur_max
                0x000000000000b848                setlocale
 .text          0x000000000000b888       0x14 /usr/lib/gcc/arm-none-eabi/10.3.1/../../../arm-none-eabi/lib/thumb/v7e-m+fp/hard/libc.a(lib_a-localeconv.o)
                0x000000000000b888                __localeconv_l
                0x000000000000b88c                _localeconv_r
                0x000000000000b894                localeconv
 .text          0x000000000000b89c      0x140 /usr/lib/gcc/arm-none-eabi/10.3.1/../../../arm-none-eabi/lib/thumb/v7e-m+fp/hard/libc.a(lib_a-makebuf.o)
                0x000000000000b89c                __smakebuf_r
                0x000000000000b97c                __swhatbuf_r
 .text          0x000000000000b9dc       0x20 /usr/lib/gcc/arm-none-eabi/10.3.1/../../../arm-none-eabi/lib/thumb/v7e-m+fp/hard/libc.a(lib_a-malloc.o)
                0x000000000000b9dc                malloc
                0x000000000000b9ec                free
 .text          0x000000000000b9fc      0x554 /usr/lib/gcc/arm-none-eabi/10.3.1/../../../arm-none-eabi/lib/thumb/v7e-m+fp/hard/libc.a(lib_a-mallocr.o)
                0x000000000000b9fc                _malloc_r
 .text          0x000000000000bf50       0x40 /usr/lib/gcc/arm-none-eabi/10.3.1/../../../arm-none-eabi/lib/thumb/v7e-m+fp/hard/libc.a(lib_a-mbtowc_r.o)
                0x000000000000bf50                _mbtowc_r
                0x000000000000bf64                __ascii_mbtowc
 .text          0x000000000000bf90       0xa0 /usr/lib/gcc/arm-none-eabi/10.3.1/../../../arm-none-eabi/lib/thumb/v7e-m+fp/hard/libc.a(lib_a-memchr.o)
                0x000000000000bf90                memchr
 .text          0x000000000000c030        0x8 /usr/lib/gcc/arm-none-eabi/10.3.1/../../../arm-none-eabi/lib/thumb/v7e-m+fp/hard/libc.a(lib_a-mlock.o)
                0x000000000000c030                __malloc_lock
                0x000000000000c034                __malloc_unlock
 .text          0x000000000000c038      0xaa0 /usr/lib/gcc/arm-none-eabi/10.3.1/../../../arm-none-eabi/lib/thumb/v7e-m+fp/hard/libc.a(lib_a-mprec.o)
                0x000000000000c038                _Balloc
                0x000000000000c084                _Bfree
                0x000000000000c098                __multadd
                0x000000000000c140                __s2b
                0x000000000000c1f4                __hi0bits
                0x000000000000c234                __lo0bits
                0x000000000000c294                __i2b
                0x000000000000c2f0                __multiply
                0x000000000000c44c                __pow5mult
                0x000000000000c50c                __lshift
                0x000000000000c5fc                __mcmp
                0x000000000000c640                __mdiff
                0x000000000000c78c                __ulp
                0x000000000000c7ec                __b2d
                0x000000000000c8ac                __d2b
                0x000000000000c97c                __ratio
                0x000000000000c9d8                _mprec_log10
                0x000000000000ca18                __copybits
                0x000000000000ca74                __any_on
 .text          0x000000000000cad8      0x3d8 /usr/lib/gcc/arm-none-eabi/10.3.1/../../../arm-none-eabi/lib/thumb/v7e-m+fp/hard/libc.a(lib_a-reallocr.o)
                0x000000000000cad8                _realloc_r
 .text          0x000000000000ceb0       0x24 /usr/lib/gcc/arm-none-eabi/10.3.1/../../../arm-none-eabi/lib/thumb/v7e-m+fp/hard/libc.a(lib_a-sbrkr.o)
                0x000000000000ceb0                _sbrk_r
 .text          0x000000000000ced4      0x288 /usr/lib/gcc/arm-none-eabi/10.3.1/../../../arm-none-eabi/lib/thumb/v7e-m+fp/hard/libc.a(lib_a-signal.o)
                0x000000000000ced4                _init_signal_r
                0x000000000000cf04                _signal_r
                0x000000000000cf50                _raise_r
                0x000000000000cfa8                __sigtramp_r
                0x000000000000d00c                raise
                0x000000000000d068                signal
                0x000000000000d0bc                _init_signal
                0x000000000000d0f4                __sigtramp
 .text          0x000000000000d15c       0x30 /usr/lib/gcc/arm-none-eabi/10.3.1/../../../arm-none-eabi/lib/thumb/v7e-m+fp/hard/libc.a(lib_a-signalr.o)
                0x000000000000d15c                _kill_r
                0x000000000000d188                _getpid_r
 .text          0x000000000000d18c       0x90 /usr/lib/gcc/arm-none-eabi/10.3.1/../../../arm-none-eabi/lib/thumb/v7e-m+fp/hard/libc.a(lib_a-stdio.o)
                0x000000000000d18c                __sread
                0x000000000000d1b0                __seofread
                0x000000000000d1b4                __swrite
                0x000000000000d1f4                __sseek
                0x000000000000d214                __sclose
 *fill*         0x000000000000d21c        0x4 
 .text          0x000000000000d220      0x2dc /usr/lib/gcc/arm-none-eabi/10.3.1/../../../arm-none-eabi/lib/thumb/v7e-m+fp/hard/libc.a(lib_a-strcmp.o)
                0x000000000000d228                strcmp
 .text          0x000000000000d4fc       0xc8 /usr/lib/gcc/arm-none-eabi/10.3.1/../../../arm-none-eabi/lib/thumb/v7e-m+fp/hard/libc.a(lib_a-wbuf.o)
                0x000000000000d4fc                __swbuf_r
                0x000000000000d5ac                __swbuf
 .text          0x000000000000d5c4       0x88 /usr/lib/gcc/arm-none-eabi/10.3.1/../../../arm-none-eabi/lib/thumb/v7e-m+fp/hard/libc.a(lib_a-wcrtomb.o)
                0x000000000000d5c4                _wcrtomb_r
                0x000000000000d600                wcrtomb
 .text          0x000000000000d64c       0x30 /usr/lib/gcc/arm-none-eabi/10.3.1/../../../arm-none-eabi/lib/thumb/v7e-m+fp/hard/libc.a(lib_a-wctomb_r.o)
                0x000000000000d64c                _wctomb_r
                0x000000000000d660                __ascii_wctomb
 .text          0x000000000000d67c       0x2c /usr/lib/gcc/arm-none-eabi/10.3.1/../../../arm-none-eabi/lib/thumb/v7e-m+fp/hard/libc.a(lib_a-writer.o)
                0x000000000000d67c                _write_r
 .text          0x000000000000d6a8       0x60 /usr/lib/gcc/arm-none-eabi/10.3.1/../../../arm-none-eabi/lib/thumb/v7e-m+fp/hard/libc.a(lib_a-callocr.o)
                0x000000000000d6a8                _calloc_r
 .text          0x000000000000d708       0x24 /usr/lib/gcc/arm-none-eabi/10.3.1/../../../arm-none-eabi/lib/thumb/v7e-m+fp/hard/libc.a(lib_a-closer.o)
                0x000000000000d708                _close_r
 .text          0x000000000000d72c       0xd4 /usr/lib/gcc/arm-none-eabi/10.3.1/../../../arm-none-eabi/lib/thumb/v7e-m+fp/hard/libc.a(lib_a-fclose.o)
                0x000000000000d790                _fclose_r
                0x000000000000d7c4                fclose
 .text          0x000000000000d800       0x2c /usr/lib/gcc/arm-none-eabi/10.3.1/../../../arm-none-eabi/lib/thumb/v7e-m+fp/hard/libc.a(lib_a-fstatr.o)
                0x000000000000d800                _fstat_r
 .text          0x000000000000d82c       0x24 /usr/lib/gcc/arm-none-eabi/10.3.1/../../../arm-none-eabi/lib/thumb/v7e-m+fp/hard/libc.a(lib_a-isattyr.o)
                0x000000000000d82c                _isatty_r
 .text          0x000000000000d850       0x2c /usr/lib/gcc/arm-none-eabi/10.3.1/../../../arm-none-eabi/lib/thumb/v7e-m+fp/hard/libc.a(lib_a-lseekr.o)
                0x000000000000d850                _lseek_r
 .text          0x000000000000d87c       0x2c /usr/lib/gcc/arm-none-eabi/10.3.1/../../../arm-none-eabi/lib/thumb/v7e-m+fp/hard/libc.a(lib_a-readr.o)
                0x000000000000d87c                _read_r
 .text          0x000000000000d8a8       0x10 /usr/lib/gcc/arm-none-eabi/10.3.1/../../../arm-none-eabi/lib/thumb/v7e-m+fp/hard/libnosys.a(close.o)
                0x000000000000d8a8                _close
 .text          0x000000000000d8b8       0x10 /usr/lib/gcc/arm-none-eabi/10.3.1/../../../arm-none-eabi/lib/thumb/v7e-m+fp/hard/libnosys.a(fstat.o)
                0x000000000000d8b8                _fstat
 .text          0x000000000000d8c8       0x10 /usr/lib/gcc/arm-none-eabi/10.3.1/../../../arm-none-eabi/lib/thumb/v7e-m+fp/hard/libnosys.a(getpid.o)
                0x000000000000d8c8                _getpid
 .text          0x000000000000d8d8       0x10 /usr/lib/gcc/arm-none-eabi/10.3.1/../../../arm-none-eabi/lib/thumb/v7e-m+fp/hard/libnosys.a(isatty.o)
                0x000000000000d8d8                _isatty
 .text          0x000000000000d8e8       0x10 /usr/lib/gcc/arm-none-eabi/10.3.1/../../../arm-none-eabi/lib/thumb/v7e-m+fp/hard/libnosys.a(kill.o)
                0x000000000000d8e8                _kill
 .text          0x000000000000d8f8       0x10 /usr/lib/gcc/arm-none-eabi/10.3.1/../../../arm-none-eabi/lib/thumb/v7e-m+fp/hard/libnosys.a(lseek.o)
                0x000000000000d8f8                _lseek
 .text          0x000000000000d908       0x1c /usr/lib/gcc/arm-none-eabi/10.3.1/../../../arm-none-eabi/lib/thumb/v7e-m+fp/hard/libnosys.a(sbrk.o)
                0x000000000000d908                _sbrk
 .text          0x000000000000d924        0x4 /usr/lib/gcc/arm-none-eabi/10.3.1/../../../arm-none-eabi/lib/thumb/v7e-m+fp/hard/libnosys.a(_exit.o)
                0x000000000000d924                _exit
 .text          0x000000000000d928      0x378 /usr/lib/gcc/arm-none-eabi/10.3.1/thumb/v7e-m+fp/hard/libgcc.a(_arm_addsubdf3.o)
                0x000000000000d928                __aeabi_drsub
                0x000000000000d930                __aeabi_dsub
                0x000000000000d930                __subdf3
                0x000000000000d934                __adddf3
                0x000000000000d934                __aeabi_dadd
                0x000000000000dbac                __aeabi_ui2d
                0x000000000000dbac                __floatunsidf
                0x000000000000dbcc                __floatsidf
                0x000000000000dbcc                __aeabi_i2d
                0x000000000000dbf0                __extendsfdf2
                0x000000000000dbf0                __aeabi_f2d
                0x000000000000dc34                __aeabi_ul2d
                0x000000000000dc34                __floatundidf
                0x000000000000dc44                __floatdidf
                0x000000000000dc44                __aeabi_l2d
 .text          0x000000000000dca0      0x424 /usr/lib/gcc/arm-none-eabi/10.3.1/thumb/v7e-m+fp/hard/libgcc.a(_arm_muldivdf3.o)
                0x000000000000dca0                __aeabi_dmul
                0x000000000000dca0                __muldf3
                0x000000000000def4                __aeabi_ddiv
                0x000000000000def4                __divdf3
 .text          0x000000000000e0c4      0x110 /usr/lib/gcc/arm-none-eabi/10.3.1/thumb/v7e-m+fp/hard/libgcc.a(_arm_cmpdf2.o)
                0x000000000000e0c4                __gtdf2
                0x000000000000e0c4                __gedf2
                0x000000000000e0cc                __ltdf2
                0x000000000000e0cc                __ledf2
                0x000000000000e0d4                __cmpdf2
                0x000000000000e0d4                __eqdf2
                0x000000000000e0d4                __nedf2
                0x000000000000e150                __aeabi_cdrcmple
                0x000000000000e160                __aeabi_cdcmple
                0x000000000000e160                __aeabi_cdcmpeq
                0x000000000000e170                __aeabi_dcmpeq
                0x000000000000e184                __aeabi_dcmplt
                0x000000000000e198                __aeabi_dcmple
                0x000000000000e1ac                __aeabi_dcmpge
                0x000000000000e1c0                __aeabi_dcmpgt
 .text          0x000000000000e1d4       0x2c /usr/lib/gcc/arm-none-eabi/10.3.1/thumb/v7e-m+fp/hard/libgcc.a(_arm_unorddf2.o)
                0x000000000000e1d4                __aeabi_dcmpun
                0x000000000000e1d4                __unorddf2
 .text          0x000000000000e200       0x50 /usr/lib/gcc/arm-none-eabi/10.3.1/thumb/v7e-m+fp/hard/libgcc.a(_arm_fixdfsi.o)
                0x000000000000e200                __fixdfsi
                0x000000000000e200                __aeabi_d2iz
 .text          0x000000000000e250       0xa0 /usr/lib/gcc/arm-none-eabi/10.3.1/thumb/v7e-m+fp/hard/libgcc.a(_aeabi_ldivmod.o)
                0x000000000000e250                __aeabi_ldivmod
 .text          0x000000000000e2f0       0x30 /usr/lib/gcc/arm-none-eabi/10.3.1/thumb/v7e-m+fp/hard/libgcc.a(_aeabi_uldivmod.o)
                0x000000000000e2f0                __aeabi_uldivmod
 .text          0x000000000000e320      0x2d0 /usr/lib/gcc/arm-none-eabi/10.3.1/thumb/v7e-m+fp/hard/libgcc.a(_udivmoddi4.o)
                0x000000000000e320                __udivmoddi4
 .text          0x000000000000e5f0        0x4 /usr/lib/gcc/arm-none-eabi/10.3.1/thumb/v7e-m+fp/hard/libgcc.a(_dvmd_tls.o)
                0x000000000000e5f0                __aeabi_ldiv0
                0x000000000000e5f0                __aeabi_idiv0
 *(.init)
 .init          0x000000000000e5f4        0x4 /usr/lib/gcc/arm-none-eabi/10.3.1/thumb/v7e-m+fp/hard/crti.o
                0x000000000000e5f4                _init
 .init          0x000000000000e5f8        0x8 /usr/lib/gcc/arm-none-eabi/10.3.1/thumb/v7e-m+fp/hard/crtn.o
 *(.fini)
 .fini          0x000000000000e600        0x4 /usr/lib/gcc/arm-none-eabi/10.3.1/thumb/v7e-m+fp/hard/crti.o
                0x000000000000e600                _fini
 .fini          0x000000000000e604        0x8 /usr/lib/gcc/arm-none-eabi/10.3.1/thumb/v7e-m+fp/hard/crtn.o
 *crtbegin.o(.ctors)
 *crtbegin?.o(.ctors)
 *(EXCLUDE_FILE(*crtend.o *crtend?.o) .ctors)
 *(SORT_BY_NAME(.ctors.*))
 *(.ctors)
 *crtbegin.o(.dtors)
 *crtbegin?.o(.dtors)
 *(EXCLUDE_FILE(*crtend.o *crtend?.o) .dtors)
 *(SORT_BY_NAME(.dtors.*))
 *(.dtors)
 *(.rodata*)
 .rodata.nrf_802154_tx_started.str1.1
                0x000000000000e60c        0xc _build/main.o
 .rodata.nrf_802154_transmit_failed.str1.1
                0x000000000000e618       0x15 _build/main.o
 .rodata.nrf_802154_transmitted_raw.str1.1
                0x000000000000e62d       0x18 _build/main.o
 .rodata.main.str1.1
                0x000000000000e645       0x89 _build/main.o
 *fill*         0x000000000000e6ce        0x2 
 .rodata.delay_machine_code.0
                0x000000000000e6d0        0x6 _build/main.o
 .rodata.nrf_gpio_pin_port_decode.str1.1
                0x000000000000e6d6       0x43 _build/better_error_handling.o
 .rodata.app_error_fault_handler.str1.1
                0x000000000000e719       0x78 _build/better_error_handling.o
 .rodata.HardFault_c_handler.str1.1
                0x000000000000e791      0x12e _build/better_error_handling.o
 .rodata.str1.1
                0x000000000000e8bf      0x4b6 _build/better_error_handling.o
 .rodata.LED_COLS
                0x000000000000ed75        0x5 _build/better_error_handling.o
 .rodata.LED_ROWS
                0x000000000000ed7a        0x5 _build/better_error_handling.o
 *fill*         0x000000000000ed7f        0x1 
 .rodata.cfsr_msgs.0
                0x000000000000ed80       0x68 _build/better_error_handling.o
 *fill*         0x000000000000ede8        0x8 
 .rodata.delay_machine_code.1
                0x000000000000edf0        0x6 _build/better_error_handling.o
 .rodata.called_first.str1.1
                0x000000000000edf6       0x70 _build/microbit_before_startup.o
 *fill*         0x000000000000ee66        0xa 
 .rodata.delay_machine_code.0
                0x000000000000ee70        0x6 _build/microbit_before_startup.o
 .rodata.uart_init.constprop.0.str1.1
                0x000000000000ee76       0x76 _build/microbit_nrf_log_backend_uart.o
 .rodata        0x000000000000eeec       0x20 _build/microbit_nrf_log_backend_uart.o
 .rodata.nrf_log_backend_uart_api
                0x000000000000ef0c        0xc _build/microbit_nrf_log_backend_uart.o
                0x000000000000ef0c                nrf_log_backend_uart_api
 *fill*         0x000000000000ef18        0x8 
 .rodata.delay_machine_code.0
                0x000000000000ef20        0x6 _build/app_timer.o
 .rodata.app_util_critical_region_enter.str1.1
                0x000000000000ef26       0x55 _build/app_util_platform.o
 .rodata.nrf_balloc_init.str1.1
                0x000000000000ef7b       0x50 _build/nrf_balloc.o
 .rodata.str1.1
                0x000000000000efcb        0x6 _build/nrf_drv_clock.o
 .rodata.nrf_fprintf_buffer_flush.str1.1
                0x000000000000efd1       0x46 _build/nrf_fprintf.o
 .rodata.nrf_fprintf_fmt.str1.1
                0x000000000000f017       0x4d _build/nrf_fprintf_format.o
 .rodata._aV2C.0
                0x000000000000f064       0x10 _build/nrf_fprintf_format.o
 .rodata.nrf_log_default_backends_init.str1.1
                0x000000000000f074       0x5f _build/nrf_log_default_backends.o
 .rodata.str1.1
                0x000000000000f0d3       0x11 _build/nrf_log_default_backends.o
 .rodata.buf_prealloc.str1.1
                0x000000000000f0e4       0x57 _build/nrf_log_frontend.o
 .rodata.nrf_log_frontend_dequeue.str1.1
                0x000000000000f13b       0x11 _build/nrf_log_frontend.o
 .rodata.str1.1
                0x000000000000f14c        0x4 _build/nrf_log_frontend.o
 .rodata.m_log_push_ringbuf
                0x000000000000f150        0xc _build/nrf_log_frontend.o
 .rodata.prefix_process.str1.1
                0x000000000000f15c       0x32 _build/nrf_log_str_formatter.o
 .rodata.postfix_process.str1.1
                0x000000000000f18e       0x32 _build/nrf_log_str_formatter.o
                                          0x3 (size before relaxing)
 .rodata.nrf_log_hexdump_entry_process.str1.1
                0x000000000000f18e        0xf _build/nrf_log_str_formatter.o
                                         0x11 (size before relaxing)
 .rodata.str1.1
                0x000000000000f19d       0x4b _build/nrf_log_str_formatter.o
                                         0x51 (size before relaxing)
 .rodata.m_colors
                0x000000000000f1e8       0x24 _build/nrf_log_str_formatter.o
 .rodata.severity_names
                0x000000000000f20c       0x14 _build/nrf_log_str_formatter.o
 .rodata.memobj_op.str1.1
                0x000000000000f220       0x50 _build/nrf_memobj.o
 .rodata.str1.1
                0x000000000000f270        0x9 _build/nrf_pwr_mgmt.o
 .rodata.str1.1
                0x000000000000f279      0x391 _build/nrf_strerror.o
 .rodata.m_unknown_str
                0x000000000000f60a       0x13 _build/nrf_strerror.o
 *fill*         0x000000000000f61d        0x3 
 .rodata.nrf_strerror_array
                0x000000000000f620      0x118 _build/nrf_strerror.o
 .rodata.nrf_gpio_pin_port_decode.str1.1
                0x000000000000f738       0x43 _build/nrfx_gpiote.o
 .rodata.str1.1
                0x000000000000f738        0x7 _build/nrfx_gpiote.o
 .rodata.UARTE0_UART0_IRQHandler.str1.1
                0x000000000000f73f       0x4f _build/nrfx_prs.o
 .rodata.str1.1
                0x000000000000f78e        0x4 _build/nrfx_prs.o
 .rodata.str1.1
                0x000000000000f792        0x4 _build/nrfx_pwm.o
 .rodata.str1.1
                0x000000000000f796        0x6 _build/nrfx_saadc.o
 .rodata.nrf_gpio_pin_port_decode.str1.1
                0x000000000000f79c       0x43 _build/nrfx_spim.o
 .rodata.SPIM2_SPIS2_SPI2_IRQHandler.str1.1
                0x000000000000f79c       0x4c _build/nrfx_spim.o
 .rodata.str1.1
                0x000000000000f7e8        0x5 _build/nrfx_spim.o
 .rodata.str1.1
                0x000000000000f7ed        0x6 _build/nrfx_timer.o
 .rodata.twim_irq_handler.str1.1
                0x000000000000f7f3       0x4c _build/nrfx_twim.o
 .rodata.str1.1
                0x000000000000f83f        0x5 _build/nrfx_twim.o
 .rodata.nrf_gpio_pin_port_decode.str1.1
                0x000000000000f844       0x43 _build/nrfx_uart.o
 .rodata.nrfx_uart_init.str1.1
                0x000000000000f844       0x90 _build/nrfx_uart.o
 .rodata.str1.1
                0x000000000000f8d4        0x5 _build/nrfx_uart.o
 .rodata.nrf_gpio_pin_port_decode.str1.1
                0x000000000000f8d9       0x43 _build/nrfx_uarte.o
 .rodata.nrfx_uarte_init.str1.1
                0x000000000000f8d9       0x4d _build/nrfx_uarte.o
                                         0x91 (size before relaxing)
 .rodata.str1.1
                0x000000000000f926        0x6 _build/nrfx_uarte.o
 .rodata.irq_handlers.0
                0x000000000000f92c        0x8 _build/nrfx_uarte.o
 .rodata.nrf_802154_buffer_free_raw.str1.1
                0x000000000000f934       0x7f _build/nrf_802154.o
                                         0x86 (size before relaxing)
 .rodata.__func__.1
                0x000000000000f9b3       0x1b _build/nrf_802154.o
 .rodata.fem_for_tx_reset.str1.1
                0x000000000000f9ce       0x6c _build/nrf_802154_core.o
                                         0x72 (size before relaxing)
 .rodata.channel_set.str1.1
                0x000000000000fa3a       0x1f _build/nrf_802154_core.o
 .rodata.nrf_802154_rsch_crit_sect_prio_changed.str1.1
                0x000000000000fa59       0x26 _build/nrf_802154_core.o
                                         0x2d (size before relaxing)
 .rodata.nrf_802154_core_notify_buffer_free.str1.1
                0x000000000000fa7f       0x4c _build/nrf_802154_core.o
 .rodata.RADIO_IRQHandler.str1.1
                0x000000000000facb       0x33 _build/nrf_802154_core.o
 .rodata.__func__.0
                0x000000000000fafe       0x15 _build/nrf_802154_core.o
 .rodata.__func__.1
                0x000000000000fb13       0x15 _build/nrf_802154_core.o
 .rodata.__func__.2
                0x000000000000fb28        0xc _build/nrf_802154_core.o
 .rodata.__func__.3
                0x000000000000fb34       0x23 _build/nrf_802154_core.o
 .rodata.__func__.4
                0x000000000000fb57       0x11 _build/nrf_802154_core.o
 .rodata.__func__.5
                0x000000000000fb68       0x1c _build/nrf_802154_core.o
 .rodata.__func__.6
                0x000000000000fb84       0x11 _build/nrf_802154_core.o
 .rodata.__func__.7
                0x000000000000fb95        0xc _build/nrf_802154_core.o
 .rodata.__func__.8
                0x000000000000fba1       0x13 _build/nrf_802154_core.o
 .rodata.m_abort_hooks
                0x000000000000fbb4       0x10 _build/nrf_802154_core_hooks.o
 .rodata.m_tx_failed_hooks
                0x000000000000fbc4        0xc _build/nrf_802154_core_hooks.o
 .rodata.m_tx_started_hooks
                0x000000000000fbd0        0xc _build/nrf_802154_core_hooks.o